pablo@pablo-X450LN:~$ sudo apt-get update
[sudo] password for pablo: 
Obj:1 http://archive.canonical.com/ubuntu xenial InRelease                     
Ign:2 http://dl.google.com/linux/chrome/deb stable InRelease                   
Obj:3 http://co.archive.ubuntu.com/ubuntu xenial InRelease                     
Obj:4 http://co.archive.ubuntu.com/ubuntu xenial-updates InRelease             
Des:5 http://dl.google.com/linux/chrome/deb stable Release [1.189 B]           
Des:6 http://dl.google.com/linux/chrome/deb stable Release.gpg [916 B]         
Obj:7 http://co.archive.ubuntu.com/ubuntu xenial-backports InRelease           
Des:8 http://dl.google.com/linux/chrome/deb stable/main amd64 Packages [1.431 B]
Obj:9 http://security.ubuntu.com/ubuntu xenial-security InRelease              
Obj:10 http://ppa.launchpad.net/danielrichter2007/grub-customizer/ubuntu xenial InRelease
Descargados 3.536 B en 2min 21s (24 B/s)
Leyendo lista de paquetes... Hecho
pablo@pablo-X450LN:~$ ls
ardupilot   Escritorio        Imágenes    Plantillas  Vídeos
Descargas   examples.desktop  Música      Público
Documentos  holamundo         newproject  sketchbook
pablo@pablo-X450LN:~$ cd Descargas/
pablo@pablo-X450LN:~/Descargas$ ls
arduino assembler power
arduino assembler power(1).zip
arduino assembler power.zip
Atmel-8271-8-bit-AVR-Microcontroller-ATmega48A-48PA-88A-88PA-168A-168PA-328-328P_datasheet_Complete.pdf
BintecFiles.zip
doc1022.pdf
document.pdf
ejem1.1.l
ejem1.1.y
for.asm
FT1A-Ladder-Programming.pdf
interrupcion(1).asm
interrupcion.asm
lesson06.tar.gz
multithreadingV4Mtx.asm
Pokémon Uranium 1.0.msi
quine.asm
sublime-text_build-3114_amd64.deb
tim-and-eric-mind-blown.gif
tvoutmaster
tvoutMaster.zip
xampp-linux-x64-5.6.23-0-installer.run
pablo@pablo-X450LN:~/Descargas$ cd ..
pablo@pablo-X450LN:~$ ls
ardupilot   Escritorio        Imágenes    Plantillas  Vídeos
Descargas   examples.desktop  Música      Público
Documentos  holamundo         newproject  sketchbook
pablo@pablo-X450LN:~$ mkdir ComputacionGrafica
pablo@pablo-X450LN:~$ cd ComputacionGrafica/
pablo@pablo-X450LN:~/ComputacionGrafica$ ls
pablo@pablo-X450LN:~/ComputacionGrafica$ ls
pablo@pablo-X450LN:~/ComputacionGrafica$ tar -xvzf ../Descargas/lesson06.tar.gz .
tar: Un bloque de ceros aislado en 420
tar: .: No se encuentra en el archivo
tar: Se sale con estado de fallo debido a errores anteriores
pablo@pablo-X450LN:~/ComputacionGrafica$ tar -xvzf ../Descargas/lesson06.tar.gz README
makefile
lesson6.c
Data/lesson6/NeHe.bmp
tar: Un bloque de ceros aislado en 420
pablo@pablo-X450LN:~/ComputacionGrafica$ ls
Data  lesson6.c  makefile  README
pablo@pablo-X450LN:~/ComputacionGrafica$ ls
Data  lesson6.c  makefile  README
pablo@pablo-X450LN:~/ComputacionGrafica$ tar -xvzf ../Descargas/lesson06.tar.gz README
makefile
lesson6.c
Data/lesson6/NeHe.bmp
tar: Un bloque de ceros aislado en 420
pablo@pablo-X450LN:~/ComputacionGrafica$ ls
Data  lesson6.c  makefile  README
pablo@pablo-X450LN:~/ComputacionGrafica$ eog Data/lesson6/NeHe.bmp 
pablo@pablo-X450LN:~/ComputacionGrafica$ cat makefile 
INCLUDE = -I/usr/include/
LIBDIR  = -L/usr/X11R6/lib 

COMPILERFLAGS = -Wall
CC = gcc
CFLAGS = $(COMPILERFLAGS) $(INCLUDE)
LIBRARIES = -lX11 -lXi -lXmu -lglut -lGL -lGLU -lm 

# for all, set the targets to be every lesson1.c-lesson13.c 
# file, removing the .c extension.  That is, at this point,
# it would produce lesson1, lesson2, lesson3,...,lesson13 targets.
#
all: $(basename $(wildcard lesson[1-9].c lesson1[0-3].c))

# same as for all, except set the targets to be 
# lessonX.tar.gz from lessonX.c.  This is really
# only used to build smaller tutorial .tar.gz files
# to send to nehe.
#
dist: $(foreach file,$(basename $(wildcard lesson[1-9].c lesson1[0-3].c)),$(file).tar.gz)

# to produce, say, lesson1.tar.gz:
#
# 1. remove lesson1.tar.gz
# 2. build lesson1.tar containing README, makefile, lesson1.c, Data/lesson1/*.
# 3. gzip lesson1.tar.
#
lesson%.tar.gz : 
	tar cvf $(subst .tar.gz,.tar,$@) README makefile $(subst .tar.gz,.c,$@) $(wildcard Data/$(subst .tar.gz,,$@)/*); \
	gzip $(subst .tar.gz,.tar,$@);

# to produce, say, lesson1:
#
# 1. compile the thing.  uses the variables defined above.
# 
lesson% : lesson%.o
	$(CC) $(CFLAGS) -o $@ $(LIBDIR) $< $(LIBRARIES)  

# to clean up:
# delete all of the lessonX files.
clean:
	rm $(wildcard lesson[1-9] lesson1[0-3])

# to clean up the distributions:
# delete all of the lessonX.tar.gz files.
distclean:
	rm $(wildcard lesson[1-9].tar.gz lesson1[0-3].tar.gz)

pablo@pablo-X450LN:~/ComputacionGrafica$ sudo apt-get install freeglut3-dev libxi-dev libxmu-dev
Leyendo lista de paquetes... Hecho
Creando árbol de dependencias       
Leyendo la información de estado... Hecho
Los paquetes indicados a continuación se instalaron de forma automática y ya no son necesarios.
  linux-headers-4.4.0-31 linux-headers-4.4.0-31-generic
  linux-image-4.4.0-31-generic linux-image-extra-4.4.0-31-generic
Utilice «sudo apt autoremove» para eliminarlos.
Se instalarán los siguientes paquetes adicionales:
  freeglut3 libdrm-dev libgl1-mesa-dev libglu1-mesa-dev libice-dev
  libpthread-stubs0-dev libsm-dev libx11-dev libx11-doc libx11-xcb-dev
  libxau-dev libxcb-dri2-0-dev libxcb-dri3-dev libxcb-glx0-dev
  libxcb-present-dev libxcb-randr0-dev libxcb-render0-dev libxcb-shape0-dev
  libxcb-sync-dev libxcb-xfixes0-dev libxcb1-dev libxdamage-dev libxdmcp-dev
  libxext-dev libxfixes-dev libxmu-headers libxshmfence-dev libxt-dev
  libxxf86vm-dev mesa-common-dev x11proto-core-dev x11proto-damage-dev
  x11proto-dri2-dev x11proto-fixes-dev x11proto-gl-dev x11proto-input-dev
  x11proto-kb-dev x11proto-xext-dev x11proto-xf86vidmode-dev
  xorg-sgml-doctools xtrans-dev
Paquetes sugeridos:
  libice-doc libsm-doc libxcb-doc libxext-doc libxt-doc
Se instalarán los siguientes paquetes NUEVOS:
  freeglut3 freeglut3-dev libdrm-dev libgl1-mesa-dev libglu1-mesa-dev
  libice-dev libpthread-stubs0-dev libsm-dev libx11-dev libx11-doc
  libx11-xcb-dev libxau-dev libxcb-dri2-0-dev libxcb-dri3-dev libxcb-glx0-dev
  libxcb-present-dev libxcb-randr0-dev libxcb-render0-dev libxcb-shape0-dev
  libxcb-sync-dev libxcb-xfixes0-dev libxcb1-dev libxdamage-dev libxdmcp-dev
  libxext-dev libxfixes-dev libxi-dev libxmu-dev libxmu-headers
  libxshmfence-dev libxt-dev libxxf86vm-dev mesa-common-dev x11proto-core-dev
  x11proto-damage-dev x11proto-dri2-dev x11proto-fixes-dev x11proto-gl-dev
  x11proto-input-dev x11proto-kb-dev x11proto-xext-dev
  x11proto-xf86vidmode-dev xorg-sgml-doctools xtrans-dev
0 actualizados, 44 nuevos se instalarán, 0 para eliminar y 286 no actualizados.
Se necesita descargar 5.218 kB de archivos.
Se utilizarán 29,1 MB de espacio de disco adicional después de esta operación.
¿Desea continuar? [S/n] s
Des:1 http://co.archive.ubuntu.com/ubuntu xenial/universe amd64 freeglut3 amd64 2.8.1-2 [73,4 kB]
Des:2 http://co.archive.ubuntu.com/ubuntu xenial/main amd64 xorg-sgml-doctools all 1:1.11-1 [12,9 kB]
Des:3 http://co.archive.ubuntu.com/ubuntu xenial/main amd64 x11proto-core-dev all 7.0.28-2ubuntu1 [254 kB]
Des:4 http://co.archive.ubuntu.com/ubuntu xenial/main amd64 libxau-dev amd64 1:1.0.8-1 [11,1 kB]
Des:5 http://co.archive.ubuntu.com/ubuntu xenial/main amd64 libxdmcp-dev amd64 1:1.1.2-1.1 [25,1 kB]
Des:6 http://co.archive.ubuntu.com/ubuntu xenial/main amd64 x11proto-input-dev all 2.3.1-1 [118 kB]
Des:7 http://co.archive.ubuntu.com/ubuntu xenial/main amd64 x11proto-kb-dev all 1.0.7-0ubuntu1 [224 kB]
Des:8 http://co.archive.ubuntu.com/ubuntu xenial/main amd64 xtrans-dev all 1.3.5-1 [70,5 kB]
Des:9 http://co.archive.ubuntu.com/ubuntu xenial/main amd64 libpthread-stubs0-dev amd64 0.3-4 [4.068 B]
Des:10 http://co.archive.ubuntu.com/ubuntu xenial/main amd64 libxcb1-dev amd64 1.11.1-1ubuntu1 [74,2 kB]
Des:11 http://co.archive.ubuntu.com/ubuntu xenial/main amd64 libx11-dev amd64 2:1.6.3-1ubuntu2 [642 kB]
Des:12 http://co.archive.ubuntu.com/ubuntu xenial-updates/main amd64 libdrm-dev amd64 2.4.67-1ubuntu0.16.04.2 [208 kB]
Des:13 http://co.archive.ubuntu.com/ubuntu xenial-updates/main amd64 mesa-common-dev amd64 11.2.0-1ubuntu2.2 [460 kB]
Des:14 http://co.archive.ubuntu.com/ubuntu xenial/main amd64 libx11-xcb-dev amd64 2:1.6.3-1ubuntu2 [9.730 B]
Des:15 http://co.archive.ubuntu.com/ubuntu xenial/main amd64 libxcb-dri3-dev amd64 1.11.1-1ubuntu1 [5.752 B]
Des:16 http://co.archive.ubuntu.com/ubuntu xenial/main amd64 libxcb-render0-dev amd64 1.11.1-1ubuntu1 [15,3 kB]
Des:17 http://co.archive.ubuntu.com/ubuntu xenial/main amd64 libxcb-randr0-dev amd64 1.11.1-1ubuntu1 [18,2 kB]
Des:18 http://co.archive.ubuntu.com/ubuntu xenial/main amd64 libxcb-shape0-dev amd64 1.11.1-1ubuntu1 [6.900 B]
Des:19 http://co.archive.ubuntu.com/ubuntu xenial/main amd64 libxcb-xfixes0-dev amd64 1.11.1-1ubuntu1 [11,2 kB]
Des:20 http://co.archive.ubuntu.com/ubuntu xenial/main amd64 libxcb-sync-dev amd64 1.11.1-1ubuntu1 [10,1 kB]
Des:21 http://co.archive.ubuntu.com/ubuntu xenial/main amd64 libxcb-present-dev amd64 1.11.1-1ubuntu1 [6.618 B]
Des:22 http://co.archive.ubuntu.com/ubuntu xenial/main amd64 libxshmfence-dev amd64 1.2-1 [3.676 B]
Des:23 http://co.archive.ubuntu.com/ubuntu xenial/main amd64 libxcb-dri2-0-dev amd64 1.11.1-1ubuntu1 [8.384 B]
Des:24 http://co.archive.ubuntu.com/ubuntu xenial/main amd64 libxcb-glx0-dev amd64 1.11.1-1ubuntu1 [26,9 kB]
Des:25 http://co.archive.ubuntu.com/ubuntu xenial/main amd64 x11proto-xext-dev all 7.3.0-1 [212 kB]
Des:26 http://co.archive.ubuntu.com/ubuntu xenial/main amd64 x11proto-fixes-dev all 1:5.0-2ubuntu2 [14,2 kB]
Des:27 http://co.archive.ubuntu.com/ubuntu xenial/main amd64 libxfixes-dev amd64 1:5.0.1-2 [10,9 kB]
Des:28 http://co.archive.ubuntu.com/ubuntu xenial/main amd64 x11proto-damage-dev all 1:1.2.1-2 [8.286 B]
Des:29 http://co.archive.ubuntu.com/ubuntu xenial/main amd64 libxdamage-dev amd64 1:1.1.4-2 [5.028 B]
Des:30 http://co.archive.ubuntu.com/ubuntu xenial/main amd64 libxext-dev amd64 2:1.3.3-1 [82,1 kB]
Des:31 http://co.archive.ubuntu.com/ubuntu xenial/main amd64 x11proto-xf86vidmode-dev all 2.3.1-2 [6.116 B]
Des:32 http://co.archive.ubuntu.com/ubuntu xenial/main amd64 libxxf86vm-dev amd64 1:1.1.4-1 [13,3 kB]
Des:33 http://co.archive.ubuntu.com/ubuntu xenial/main amd64 x11proto-dri2-dev all 2.8-2 [12,6 kB]
Des:34 http://co.archive.ubuntu.com/ubuntu xenial/main amd64 x11proto-gl-dev all 1.4.17-1 [17,9 kB]
Des:35 http://co.archive.ubuntu.com/ubuntu xenial-updates/main amd64 libgl1-mesa-dev amd64 11.2.0-1ubuntu2.2 [4.418 B]
Des:36 http://co.archive.ubuntu.com/ubuntu xenial/main amd64 libglu1-mesa-dev amd64 9.0.0-2.1 [202 kB]
Des:37 http://co.archive.ubuntu.com/ubuntu xenial/main amd64 libice-dev amd64 2:1.0.9-1 [44,9 kB]
Des:38 http://co.archive.ubuntu.com/ubuntu xenial/main amd64 libsm-dev amd64 2:1.2.2-1 [16,2 kB]
Des:39 http://co.archive.ubuntu.com/ubuntu xenial/main amd64 libxt-dev amd64 1:1.1.5-0ubuntu1 [394 kB]
Des:40 http://co.archive.ubuntu.com/ubuntu xenial/universe amd64 freeglut3-dev amd64 2.8.1-2 [123 kB]
Des:41 http://co.archive.ubuntu.com/ubuntu xenial/main amd64 libx11-doc all 2:1.6.3-1ubuntu2 [1.465 kB]
Des:42 http://co.archive.ubuntu.com/ubuntu xenial/main amd64 libxi-dev amd64 2:1.7.6-1 [184 kB]
Des:43 http://co.archive.ubuntu.com/ubuntu xenial/main amd64 libxmu-headers all 2:1.1.2-2 [54,3 kB]
Des:44 http://co.archive.ubuntu.com/ubuntu xenial/main amd64 libxmu-dev amd64 2:1.1.2-2 [49,0 kB]
Descargados 5.218 kB en 2min 14s (38,9 kB/s)                                   
Extrayendo plantillas para los paquetes: 100%
Seleccionando el paquete freeglut3:amd64 previamente no seleccionado.
(Leyendo la base de datos ... 291833 ficheros o directorios instalados actualmente.)
Preparando para desempaquetar .../freeglut3_2.8.1-2_amd64.deb ...
Desempaquetando freeglut3:amd64 (2.8.1-2) ...
Seleccionando el paquete xorg-sgml-doctools previamente no seleccionado.
Preparando para desempaquetar .../xorg-sgml-doctools_1%3a1.11-1_all.deb ...
Desempaquetando xorg-sgml-doctools (1:1.11-1) ...
Seleccionando el paquete x11proto-core-dev previamente no seleccionado.
Preparando para desempaquetar .../x11proto-core-dev_7.0.28-2ubuntu1_all.deb ...
Desempaquetando x11proto-core-dev (7.0.28-2ubuntu1) ...
Seleccionando el paquete libxau-dev:amd64 previamente no seleccionado.
Preparando para desempaquetar .../libxau-dev_1%3a1.0.8-1_amd64.deb ...
Desempaquetando libxau-dev:amd64 (1:1.0.8-1) ...
Seleccionando el paquete libxdmcp-dev:amd64 previamente no seleccionado.
Preparando para desempaquetar .../libxdmcp-dev_1%3a1.1.2-1.1_amd64.deb ...
Desempaquetando libxdmcp-dev:amd64 (1:1.1.2-1.1) ...
Seleccionando el paquete x11proto-input-dev previamente no seleccionado.
Preparando para desempaquetar .../x11proto-input-dev_2.3.1-1_all.deb ...
Desempaquetando x11proto-input-dev (2.3.1-1) ...
Seleccionando el paquete x11proto-kb-dev previamente no seleccionado.
Preparando para desempaquetar .../x11proto-kb-dev_1.0.7-0ubuntu1_all.deb ...
Desempaquetando x11proto-kb-dev (1.0.7-0ubuntu1) ...
Seleccionando el paquete xtrans-dev previamente no seleccionado.
Preparando para desempaquetar .../xtrans-dev_1.3.5-1_all.deb ...
Desempaquetando xtrans-dev (1.3.5-1) ...
Seleccionando el paquete libpthread-stubs0-dev:amd64 previamente no seleccionado.
Preparando para desempaquetar .../libpthread-stubs0-dev_0.3-4_amd64.deb ...
Desempaquetando libpthread-stubs0-dev:amd64 (0.3-4) ...
Seleccionando el paquete libxcb1-dev:amd64 previamente no seleccionado.
Preparando para desempaquetar .../libxcb1-dev_1.11.1-1ubuntu1_amd64.deb ...
Desempaquetando libxcb1-dev:amd64 (1.11.1-1ubuntu1) ...
Seleccionando el paquete libx11-dev:amd64 previamente no seleccionado.
Preparando para desempaquetar .../libx11-dev_2%3a1.6.3-1ubuntu2_amd64.deb ...
Desempaquetando libx11-dev:amd64 (2:1.6.3-1ubuntu2) ...
Seleccionando el paquete libdrm-dev:amd64 previamente no seleccionado.
Preparando para desempaquetar .../libdrm-dev_2.4.67-1ubuntu0.16.04.2_amd64.deb ...
Desempaquetando libdrm-dev:amd64 (2.4.67-1ubuntu0.16.04.2) ...
Seleccionando el paquete mesa-common-dev:amd64 previamente no seleccionado.
Preparando para desempaquetar .../mesa-common-dev_11.2.0-1ubuntu2.2_amd64.deb ...
Desempaquetando mesa-common-dev:amd64 (11.2.0-1ubuntu2.2) ...
Seleccionando el paquete libx11-xcb-dev:amd64 previamente no seleccionado.
Preparando para desempaquetar .../libx11-xcb-dev_2%3a1.6.3-1ubuntu2_amd64.deb ...
Desempaquetando libx11-xcb-dev:amd64 (2:1.6.3-1ubuntu2) ...
Seleccionando el paquete libxcb-dri3-dev:amd64 previamente no seleccionado.
Preparando para desempaquetar .../libxcb-dri3-dev_1.11.1-1ubuntu1_amd64.deb ...
Desempaquetando libxcb-dri3-dev:amd64 (1.11.1-1ubuntu1) ...
Seleccionando el paquete libxcb-render0-dev:amd64 previamente no seleccionado.
Preparando para desempaquetar .../libxcb-render0-dev_1.11.1-1ubuntu1_amd64.deb ...
Desempaquetando libxcb-render0-dev:amd64 (1.11.1-1ubuntu1) ...
Seleccionando el paquete libxcb-randr0-dev:amd64 previamente no seleccionado.
Preparando para desempaquetar .../libxcb-randr0-dev_1.11.1-1ubuntu1_amd64.deb ...
Desempaquetando libxcb-randr0-dev:amd64 (1.11.1-1ubuntu1) ...
Seleccionando el paquete libxcb-shape0-dev:amd64 previamente no seleccionado.
Preparando para desempaquetar .../libxcb-shape0-dev_1.11.1-1ubuntu1_amd64.deb ...
Desempaquetando libxcb-shape0-dev:amd64 (1.11.1-1ubuntu1) ...
Seleccionando el paquete libxcb-xfixes0-dev:amd64 previamente no seleccionado.
Preparando para desempaquetar .../libxcb-xfixes0-dev_1.11.1-1ubuntu1_amd64.deb ...
Desempaquetando libxcb-xfixes0-dev:amd64 (1.11.1-1ubuntu1) ...
Seleccionando el paquete libxcb-sync-dev:amd64 previamente no seleccionado.
Preparando para desempaquetar .../libxcb-sync-dev_1.11.1-1ubuntu1_amd64.deb ...
Desempaquetando libxcb-sync-dev:amd64 (1.11.1-1ubuntu1) ...
Seleccionando el paquete libxcb-present-dev:amd64 previamente no seleccionado.
Preparando para desempaquetar .../libxcb-present-dev_1.11.1-1ubuntu1_amd64.deb ...
Desempaquetando libxcb-present-dev:amd64 (1.11.1-1ubuntu1) ...
Seleccionando el paquete libxshmfence-dev:amd64 previamente no seleccionado.
Preparando para desempaquetar .../libxshmfence-dev_1.2-1_amd64.deb ...
Desempaquetando libxshmfence-dev:amd64 (1.2-1) ...
Seleccionando el paquete libxcb-dri2-0-dev:amd64 previamente no seleccionado.
Preparando para desempaquetar .../libxcb-dri2-0-dev_1.11.1-1ubuntu1_amd64.deb ...
Desempaquetando libxcb-dri2-0-dev:amd64 (1.11.1-1ubuntu1) ...
Seleccionando el paquete libxcb-glx0-dev:amd64 previamente no seleccionado.
Preparando para desempaquetar .../libxcb-glx0-dev_1.11.1-1ubuntu1_amd64.deb ...
Desempaquetando libxcb-glx0-dev:amd64 (1.11.1-1ubuntu1) ...
Seleccionando el paquete x11proto-xext-dev previamente no seleccionado.
Preparando para desempaquetar .../x11proto-xext-dev_7.3.0-1_all.deb ...
Desempaquetando x11proto-xext-dev (7.3.0-1) ...
Seleccionando el paquete x11proto-fixes-dev previamente no seleccionado.
Preparando para desempaquetar .../x11proto-fixes-dev_1%3a5.0-2ubuntu2_all.deb ...
Desempaquetando x11proto-fixes-dev (1:5.0-2ubuntu2) ...
Seleccionando el paquete libxfixes-dev:amd64 previamente no seleccionado.
Preparando para desempaquetar .../libxfixes-dev_1%3a5.0.1-2_amd64.deb ...
Desempaquetando libxfixes-dev:amd64 (1:5.0.1-2) ...
Seleccionando el paquete x11proto-damage-dev previamente no seleccionado.
Preparando para desempaquetar .../x11proto-damage-dev_1%3a1.2.1-2_all.deb ...
Desempaquetando x11proto-damage-dev (1:1.2.1-2) ...
Seleccionando el paquete libxdamage-dev:amd64 previamente no seleccionado.
Preparando para desempaquetar .../libxdamage-dev_1%3a1.1.4-2_amd64.deb ...
Desempaquetando libxdamage-dev:amd64 (1:1.1.4-2) ...
Seleccionando el paquete libxext-dev:amd64 previamente no seleccionado.
Preparando para desempaquetar .../libxext-dev_2%3a1.3.3-1_amd64.deb ...
Desempaquetando libxext-dev:amd64 (2:1.3.3-1) ...
Seleccionando el paquete x11proto-xf86vidmode-dev previamente no seleccionado.
Preparando para desempaquetar .../x11proto-xf86vidmode-dev_2.3.1-2_all.deb ...
Desempaquetando x11proto-xf86vidmode-dev (2.3.1-2) ...
Seleccionando el paquete libxxf86vm-dev:amd64 previamente no seleccionado.
Preparando para desempaquetar .../libxxf86vm-dev_1%3a1.1.4-1_amd64.deb ...
Desempaquetando libxxf86vm-dev:amd64 (1:1.1.4-1) ...
Seleccionando el paquete x11proto-dri2-dev previamente no seleccionado.
Preparando para desempaquetar .../x11proto-dri2-dev_2.8-2_all.deb ...
Desempaquetando x11proto-dri2-dev (2.8-2) ...
Seleccionando el paquete x11proto-gl-dev previamente no seleccionado.
Preparando para desempaquetar .../x11proto-gl-dev_1.4.17-1_all.deb ...
Desempaquetando x11proto-gl-dev (1.4.17-1) ...
Seleccionando el paquete libgl1-mesa-dev:amd64 previamente no seleccionado.
Preparando para desempaquetar .../libgl1-mesa-dev_11.2.0-1ubuntu2.2_amd64.deb ...
Desempaquetando libgl1-mesa-dev:amd64 (11.2.0-1ubuntu2.2) ...
Seleccionando el paquete libglu1-mesa-dev:amd64 previamente no seleccionado.
Preparando para desempaquetar .../libglu1-mesa-dev_9.0.0-2.1_amd64.deb ...
Desempaquetando libglu1-mesa-dev:amd64 (9.0.0-2.1) ...
Seleccionando el paquete libice-dev:amd64 previamente no seleccionado.
Preparando para desempaquetar .../libice-dev_2%3a1.0.9-1_amd64.deb ...
Desempaquetando libice-dev:amd64 (2:1.0.9-1) ...
Seleccionando el paquete libsm-dev:amd64 previamente no seleccionado.
Preparando para desempaquetar .../libsm-dev_2%3a1.2.2-1_amd64.deb ...
Desempaquetando libsm-dev:amd64 (2:1.2.2-1) ...
Seleccionando el paquete libxt-dev:amd64 previamente no seleccionado.
Preparando para desempaquetar .../libxt-dev_1%3a1.1.5-0ubuntu1_amd64.deb ...
Desempaquetando libxt-dev:amd64 (1:1.1.5-0ubuntu1) ...
Seleccionando el paquete freeglut3-dev:amd64 previamente no seleccionado.
Preparando para desempaquetar .../freeglut3-dev_2.8.1-2_amd64.deb ...
Desempaquetando freeglut3-dev:amd64 (2.8.1-2) ...
Seleccionando el paquete libx11-doc previamente no seleccionado.
Preparando para desempaquetar .../libx11-doc_2%3a1.6.3-1ubuntu2_all.deb ...
Desempaquetando libx11-doc (2:1.6.3-1ubuntu2) ...
Seleccionando el paquete libxi-dev previamente no seleccionado.
Preparando para desempaquetar .../libxi-dev_2%3a1.7.6-1_amd64.deb ...
Desempaquetando libxi-dev (2:1.7.6-1) ...
Seleccionando el paquete libxmu-headers previamente no seleccionado.
Preparando para desempaquetar .../libxmu-headers_2%3a1.1.2-2_all.deb ...
Desempaquetando libxmu-headers (2:1.1.2-2) ...
Seleccionando el paquete libxmu-dev:amd64 previamente no seleccionado.
Preparando para desempaquetar .../libxmu-dev_2%3a1.1.2-2_amd64.deb ...
Desempaquetando libxmu-dev:amd64 (2:1.1.2-2) ...
Procesando disparadores para man-db (2.7.5-1) ...
Configurando freeglut3:amd64 (2.8.1-2) ...
Configurando xorg-sgml-doctools (1:1.11-1) ...
Configurando x11proto-core-dev (7.0.28-2ubuntu1) ...
Configurando libxau-dev:amd64 (1:1.0.8-1) ...
Configurando libxdmcp-dev:amd64 (1:1.1.2-1.1) ...
Configurando x11proto-input-dev (2.3.1-1) ...
Configurando x11proto-kb-dev (1.0.7-0ubuntu1) ...
Configurando xtrans-dev (1.3.5-1) ...
Configurando libpthread-stubs0-dev:amd64 (0.3-4) ...
Configurando libxcb1-dev:amd64 (1.11.1-1ubuntu1) ...
Configurando libx11-dev:amd64 (2:1.6.3-1ubuntu2) ...
Configurando libdrm-dev:amd64 (2.4.67-1ubuntu0.16.04.2) ...
Configurando mesa-common-dev:amd64 (11.2.0-1ubuntu2.2) ...
Configurando libx11-xcb-dev:amd64 (2:1.6.3-1ubuntu2) ...
Configurando libxcb-dri3-dev:amd64 (1.11.1-1ubuntu1) ...
Configurando libxcb-render0-dev:amd64 (1.11.1-1ubuntu1) ...
Configurando libxcb-randr0-dev:amd64 (1.11.1-1ubuntu1) ...
Configurando libxcb-shape0-dev:amd64 (1.11.1-1ubuntu1) ...
Configurando libxcb-xfixes0-dev:amd64 (1.11.1-1ubuntu1) ...
Configurando libxcb-sync-dev:amd64 (1.11.1-1ubuntu1) ...
Configurando libxcb-present-dev:amd64 (1.11.1-1ubuntu1) ...
Configurando libxshmfence-dev:amd64 (1.2-1) ...
Configurando libxcb-dri2-0-dev:amd64 (1.11.1-1ubuntu1) ...
Configurando libxcb-glx0-dev:amd64 (1.11.1-1ubuntu1) ...
Configurando x11proto-xext-dev (7.3.0-1) ...
Configurando x11proto-fixes-dev (1:5.0-2ubuntu2) ...
Configurando libxfixes-dev:amd64 (1:5.0.1-2) ...
Configurando x11proto-damage-dev (1:1.2.1-2) ...
Configurando libxdamage-dev:amd64 (1:1.1.4-2) ...
Configurando libxext-dev:amd64 (2:1.3.3-1) ...
Configurando x11proto-xf86vidmode-dev (2.3.1-2) ...
Configurando libxxf86vm-dev:amd64 (1:1.1.4-1) ...
Configurando x11proto-dri2-dev (2.8-2) ...
Configurando x11proto-gl-dev (1.4.17-1) ...
Configurando libgl1-mesa-dev:amd64 (11.2.0-1ubuntu2.2) ...
Configurando libglu1-mesa-dev:amd64 (9.0.0-2.1) ...
Configurando libice-dev:amd64 (2:1.0.9-1) ...
Configurando libsm-dev:amd64 (2:1.2.2-1) ...
Configurando libxt-dev:amd64 (1:1.1.5-0ubuntu1) ...
Configurando freeglut3-dev:amd64 (2.8.1-2) ...
Configurando libx11-doc (2:1.6.3-1ubuntu2) ...
Configurando libxi-dev (2:1.7.6-1) ...
Configurando libxmu-headers (2:1.1.2-2) ...
Configurando libxmu-dev:amd64 (2:1.1.2-2) ...
Procesando disparadores para libc-bin (2.23-0ubuntu3) ...
pablo@pablo-X450LN:~/ComputacionGrafica$ ls
Data  lesson6.c  makefile  README
pablo@pablo-X450LN:~/ComputacionGrafica$ make
gcc -Wall -I/usr/include/   -c -o lesson6.o lesson6.c
lesson6.c: In function ‘LoadGLTextures’:
lesson6.c:135:22: warning: pointer targets in passing argument 2 of ‘glGenTextures’ differ in signedness [-Wpointer-sign]
     glGenTextures(1, &texture[0]);
                      ^
In file included from /usr/include/GL/freeglut_std.h:128:0,
                 from /usr/include/GL/glut.h:17,
                 from lesson6.c:9:
/usr/include/GL/gl.h:1307:23: note: expected ‘GLuint * {aka unsigned int *}’ but argument is of type ‘int *’
 GLAPI void GLAPIENTRY glGenTextures( GLsizei n, GLuint *textures );
                       ^
gcc -Wall -I/usr/include/ -o lesson6 -L/usr/X11R6/lib  lesson6.o -lX11 -lXi -lXmu -lglut -lGL -lGLU -lm   
rm lesson6.o
pablo@pablo-X450LN:~/ComputacionGrafica$ ls
Data  lesson6  lesson6.c  makefile  README
pablo@pablo-X450LN:~/ComputacionGrafica$ ./lesson6
Width of Data/lesson6/NeHe.bmp: 256
Height of Data/lesson6/NeHe.bmp: 256
pablo@pablo-X450LN:~/ComputacionGrafica$ make
gcc -Wall -I/usr/include/   -c -o lesson6.o lesson6.c
lesson6.c: In function ‘LoadGLTextures’:
lesson6.c:135:22: warning: pointer targets in passing argument 2 of ‘glGenTextures’ differ in signedness [-Wpointer-sign]
     glGenTextures(1, &texture[0]);
                      ^
In file included from /usr/include/GL/freeglut_std.h:128:0,
                 from /usr/include/GL/glut.h:17,
                 from lesson6.c:9:
/usr/include/GL/gl.h:1307:23: note: expected ‘GLuint * {aka unsigned int *}’ but argument is of type ‘int *’
 GLAPI void GLAPIENTRY glGenTextures( GLsizei n, GLuint *textures );
                       ^
gcc -Wall -I/usr/include/ -o lesson6 -L/usr/X11R6/lib  lesson6.o -lX11 -lXi -lXmu -lglut -lGL -lGLU -lm   
rm lesson6.o
pablo@pablo-X450LN:~/ComputacionGrafica$ ./lesson6
Width of Data/lesson6/NeHe.bmp: 256
Height of Data/lesson6/NeHe.bmp: 256
pablo@pablo-X450LN:~/ComputacionGrafica$ make
gcc -Wall -I/usr/include/   -c -o lesson6.o lesson6.c
lesson6.c: In function ‘LoadGLTextures’:
lesson6.c:135:22: warning: pointer targets in passing argument 2 of ‘glGenTextures’ differ in signedness [-Wpointer-sign]
     glGenTextures(1, &texture[0]);
                      ^
In file included from /usr/include/GL/freeglut_std.h:128:0,
                 from /usr/include/GL/glut.h:17,
                 from lesson6.c:9:
/usr/include/GL/gl.h:1307:23: note: expected ‘GLuint * {aka unsigned int *}’ but argument is of type ‘int *’
 GLAPI void GLAPIENTRY glGenTextures( GLsizei n, GLuint *textures );
                       ^
gcc -Wall -I/usr/include/ -o lesson6 -L/usr/X11R6/lib  lesson6.o -lX11 -lXi -lXmu -lglut -lGL -lGLU -lm   
rm lesson6.o
pablo@pablo-X450LN:~/ComputacionGrafica$ ./lesson6
Width of Data/lesson6/NeHe.bmp: 256
Height of Data/lesson6/NeHe.bmp: 256
pablo@pablo-X450LN:~/ComputacionGrafica$ sudo apt-cache search opencv
opencv-doc - Documentación y ejemplos para OpenCV
cl-opencv-apps - opencv_apps Robot OS package - LISP bindings
libcv-bridge-dev - cv_bridge Robot OS package - development
libcv-bridge0d - cv_bridge Robot OS package
libcv-dev - Translation package for libcv-dev
libcv2.4 - computer vision library - libcv* translation package
libcvaux-dev - Translation package for libcvaux-dev
libcvaux2.4 - computer vision library - libcvaux translation package
libhighgui-dev - Translation package for libhighgui-dev
libhighgui2.4 - computer vision library - libhighgui translation package
libimage-geometry-dev - image_geometry Robot OS package - development
libimage-geometry0d - image_geometry Robot OS package - runtime
libopencv-apps-dev - opencv_apps Robot OS package - development files
libopencv-apps0d - opencv_apps Robot OS package - runtime files
libopencv-calib3d-dev - development files for libopencv-calib3d
libopencv-calib3d2.4v5 - computer vision Camera Calibration library
libopencv-contrib-dev - development files for libopencv-contrib
libopencv-contrib2.4v5 - computer vision contrib library
libopencv-core-dev - development files for libopencv-core
libopencv-core2.4v5 - computer vision core library
libopencv-dev - development files for opencv
libopencv-features2d-dev - development files for libopencv-features2d
libopencv-features2d2.4v5 - computer vision Feature Detection and Descriptor Extraction library
libopencv-flann-dev - development files for libopencv-flann
libopencv-flann2.4v5 - computer vision Clustering and Search in Multi-Dimensional spaces library
libopencv-gpu-dev - development files for libopencv-gpu2.4v5
libopencv-gpu2.4v5 - computer vision GPU library
libopencv-highgui-dev - development files for libopencv-highgui
libopencv-highgui2.4v5 - computer vision High-level GUI and Media I/O library
libopencv-imgproc-dev - development files for libopencv-imgproc
libopencv-imgproc2.4v5 - computer vision Image Processing library
libopencv-legacy-dev - development files for libopencv-legacy
libopencv-legacy2.4v5 - computer vision legacy library
libopencv-ml-dev - development files for libopencv-ml
libopencv-ml2.4v5 - computer vision Machine Learning library
libopencv-objdetect-dev - development files for libopencv-objdetect
libopencv-objdetect2.4v5 - computer vision Object Detection library
libopencv-ocl-dev - development files for libopencv-ocl2.4v5
libopencv-ocl2.4v5 - computer vision OpenCL support library
libopencv-photo-dev - development files for libopencv-photo2.4v5
libopencv-photo2.4v5 - computer vision computational photography library
libopencv-stitching-dev - development files for libopencv-stitching2.4v5
libopencv-stitching2.4v5 - computer vision image stitching library
libopencv-superres-dev - development files for libopencv-superres2.4v5
libopencv-superres2.4v5 - computer vision Super Resolution library
libopencv-ts-dev - development files for libopencv-ts2.4v5
libopencv-ts2.4v5 - computer vision ts library
libopencv-video-dev - development files for libopencv-video
libopencv-video2.4v5 - computer vision Video analysis library
libopencv-videostab-dev - development files for libopencv-videostab2.4v5
libopencv-videostab2.4v5 - computer vision video stabilization library
libopencv2.4-java - Java bindings for the computer vision library
libopencv2.4-jni - Java jni library for the computer vision library
opencv-data - development data for opencv
python-cv-bridge - cv_bridge ROS package - Python bindings
python-image-geometry - image_geometry Robot OS package - Python bindings
python-opencv - Python bindings for the computer vision library
python-opencv-apps - opencv_apps Robot OS package - Python bindings
pablo@pablo-X450LN:~/ComputacionGrafica$ sudo apt-get install libopencv-dev
Leyendo lista de paquetes... Hecho
Creando árbol de dependencias       
Leyendo la información de estado... Hecho
Los paquetes indicados a continuación se instalaron de forma automática y ya no son necesarios.
  linux-headers-4.4.0-31 linux-headers-4.4.0-31-generic linux-image-4.4.0-31-generic
  linux-image-extra-4.4.0-31-generic
Utilice «sudo apt autoremove» para eliminarlos.
Se instalarán los siguientes paquetes adicionales:
  autotools-dev debhelper dh-strip-nondeterminism gir1.2-gtk-2.0 libatk1.0-dev libavcodec-dev
  libavcodec-ffmpeg56 libavformat-dev libavformat-ffmpeg56 libavutil-dev libavutil-ffmpeg54
  libcairo-script-interpreter2 libcairo2-dev libcv-dev libcvaux-dev libdc1394-22-dev
  libfile-stripnondeterminism-perl libfontconfig1-dev libfreetype6-dev libgdk-pixbuf2.0-dev libglib2.0-0
  libglib2.0-bin libglib2.0-dev libgtk2.0-dev libgtkglext1 libharfbuzz-dev libharfbuzz-gobject0
  libhighgui-dev libilmbase-dev libjasper-dev libjbig-dev libjpeg-dev libjpeg-turbo8-dev libjpeg8-dev
  liblzma-dev libmail-sendmail-perl libopencv-calib3d-dev libopencv-calib3d2.4v5 libopencv-contrib-dev
  libopencv-contrib2.4v5 libopencv-core-dev libopencv-core2.4v5 libopencv-features2d-dev
  libopencv-features2d2.4v5 libopencv-flann-dev libopencv-flann2.4v5 libopencv-gpu-dev
  libopencv-gpu2.4v5 libopencv-highgui-dev libopencv-highgui2.4v5 libopencv-imgproc-dev
  libopencv-imgproc2.4v5 libopencv-legacy-dev libopencv-legacy2.4v5 libopencv-ml-dev libopencv-ml2.4v5
  libopencv-objdetect-dev libopencv-objdetect2.4v5 libopencv-ocl-dev libopencv-ocl2.4v5
  libopencv-photo-dev libopencv-photo2.4v5 libopencv-stitching-dev libopencv-stitching2.4v5
  libopencv-superres-dev libopencv-superres2.4v5 libopencv-ts-dev libopencv-ts2.4v5 libopencv-video-dev
  libopencv-video2.4v5 libopencv-videostab-dev libopencv-videostab2.4v5 libopencv2.4-java
  libopencv2.4-jni libopenexr-dev libpango1.0-dev libpcre3-dev libpcre32-3 libpcrecpp0v5 libpixman-1-dev
  libpng12-dev libraw1394-dev libraw1394-tools libswresample-dev libswresample-ffmpeg1 libswscale-dev
  libswscale-ffmpeg3 libsys-hostname-long-perl libtbb2 libtiff5-dev libtiffxx5 libxcb-shm0-dev
  libxcomposite-dev libxcursor-dev libxft-dev libxinerama-dev libxml2-utils libxrandr-dev libxrender-dev
  opencv-data po-debconf x11proto-composite-dev x11proto-randr-dev x11proto-render-dev
  x11proto-xinerama-dev zlib1g-dev
Paquetes sugeridos:
  dh-make libcairo2-doc libglib2.0-doc libgtk2.0-doc liblzma-doc libpango1.0-doc libraw1394-doc
  libmail-box-perl
Se instalarán los siguientes paquetes NUEVOS:
  autotools-dev debhelper dh-strip-nondeterminism gir1.2-gtk-2.0 libatk1.0-dev libavcodec-dev
  libavformat-dev libavutil-dev libcairo-script-interpreter2 libcairo2-dev libcv-dev libcvaux-dev
  libdc1394-22-dev libfile-stripnondeterminism-perl libfontconfig1-dev libfreetype6-dev
  libgdk-pixbuf2.0-dev libglib2.0-dev libgtk2.0-dev libgtkglext1 libharfbuzz-dev libharfbuzz-gobject0
  libhighgui-dev libilmbase-dev libjasper-dev libjbig-dev libjpeg-dev libjpeg-turbo8-dev libjpeg8-dev
  liblzma-dev libmail-sendmail-perl libopencv-calib3d-dev libopencv-calib3d2.4v5 libopencv-contrib-dev
  libopencv-contrib2.4v5 libopencv-core-dev libopencv-core2.4v5 libopencv-dev libopencv-features2d-dev
  libopencv-features2d2.4v5 libopencv-flann-dev libopencv-flann2.4v5 libopencv-gpu-dev
  libopencv-gpu2.4v5 libopencv-highgui-dev libopencv-highgui2.4v5 libopencv-imgproc-dev
  libopencv-imgproc2.4v5 libopencv-legacy-dev libopencv-legacy2.4v5 libopencv-ml-dev libopencv-ml2.4v5
  libopencv-objdetect-dev libopencv-objdetect2.4v5 libopencv-ocl-dev libopencv-ocl2.4v5
  libopencv-photo-dev libopencv-photo2.4v5 libopencv-stitching-dev libopencv-stitching2.4v5
  libopencv-superres-dev libopencv-superres2.4v5 libopencv-ts-dev libopencv-ts2.4v5 libopencv-video-dev
  libopencv-video2.4v5 libopencv-videostab-dev libopencv-videostab2.4v5 libopencv2.4-java
  libopencv2.4-jni libopenexr-dev libpango1.0-dev libpcre3-dev libpcre32-3 libpcrecpp0v5 libpixman-1-dev
  libpng12-dev libraw1394-dev libraw1394-tools libswresample-dev libswscale-dev
  libsys-hostname-long-perl libtbb2 libtiff5-dev libtiffxx5 libxcb-shm0-dev libxcomposite-dev
  libxcursor-dev libxft-dev libxinerama-dev libxml2-utils libxrandr-dev libxrender-dev opencv-data
  po-debconf x11proto-composite-dev x11proto-randr-dev x11proto-render-dev x11proto-xinerama-dev
  zlib1g-dev
Se actualizarán los siguientes paquetes:
  libavcodec-ffmpeg56 libavformat-ffmpeg56 libavutil-ffmpeg54 libglib2.0-0 libglib2.0-bin
  libswresample-ffmpeg1 libswscale-ffmpeg3
7 actualizados, 100 nuevos se instalarán, 0 para eliminar y 279 no actualizados.
Se necesita descargar 36,1 MB de archivos.
Se utilizarán 153 MB de espacio de disco adicional después de esta operación.
¿Desea continuar? [S/n] s
Des:1 http://co.archive.ubuntu.com/ubuntu xenial/main amd64 libilmbase-dev amd64 2.2.0-11ubuntu2 [70,8 kB]
Des:2 http://co.archive.ubuntu.com/ubuntu xenial/main amd64 libopenexr-dev amd64 2.2.0-10ubuntu2 [702 kB]
Des:3 http://co.archive.ubuntu.com/ubuntu xenial/main amd64 libpcrecpp0v5 amd64 2:8.38-3.1 [15,2 kB]     
Des:4 http://co.archive.ubuntu.com/ubuntu xenial-updates/main amd64 libglib2.0-bin amd64 2.48.2-0ubuntu1 [39,4 kB]
Des:5 http://co.archive.ubuntu.com/ubuntu xenial-updates/main amd64 libglib2.0-0 amd64 2.48.2-0ubuntu1 [1.119 kB]
Des:6 http://co.archive.ubuntu.com/ubuntu xenial/main amd64 autotools-dev all 20150820.1 [39,8 kB]       
Des:7 http://co.archive.ubuntu.com/ubuntu xenial/main amd64 po-debconf all 1.0.19 [234 kB]               
Des:8 http://co.archive.ubuntu.com/ubuntu xenial/main amd64 libfile-stripnondeterminism-perl all 0.015-1 [10,3 kB]
Des:9 http://co.archive.ubuntu.com/ubuntu xenial/main amd64 dh-strip-nondeterminism all 0.015-1 [4.864 B]
Des:10 http://co.archive.ubuntu.com/ubuntu xenial/main amd64 debhelper all 9.20160115ubuntu3 [739 kB]    
Des:11 http://co.archive.ubuntu.com/ubuntu xenial/main amd64 gir1.2-gtk-2.0 amd64 2.24.30-1ubuntu1 [172 kB]
Des:12 http://co.archive.ubuntu.com/ubuntu xenial/main amd64 libpcre32-3 amd64 2:8.38-3.1 [136 kB]       
Des:13 http://co.archive.ubuntu.com/ubuntu xenial/main amd64 libpcre3-dev amd64 2:8.38-3.1 [525 kB]      
Des:14 http://co.archive.ubuntu.com/ubuntu xenial/main amd64 zlib1g-dev amd64 1:1.2.8.dfsg-2ubuntu4 [168 kB]
Des:15 http://co.archive.ubuntu.com/ubuntu xenial-updates/main amd64 libglib2.0-dev amd64 2.48.2-0ubuntu1 [1.378 kB]
Des:16 http://co.archive.ubuntu.com/ubuntu xenial/main amd64 libatk1.0-dev amd64 2.18.0-1 [79,5 kB]      
Des:17 http://co.archive.ubuntu.com/ubuntu xenial-updates/universe amd64 libswscale-ffmpeg3 amd64 7:2.8.10-0ubuntu0.16.04.1 [146 kB]
Des:18 http://co.archive.ubuntu.com/ubuntu xenial-updates/universe amd64 libswresample-ffmpeg1 amd64 7:2.8.10-0ubuntu0.16.04.1 [51,7 kB]
Des:19 http://co.archive.ubuntu.com/ubuntu xenial-updates/universe amd64 libavformat-ffmpeg56 amd64 7:2.8.10-0ubuntu0.16.04.1 [808 kB]
Des:20 http://co.archive.ubuntu.com/ubuntu xenial-updates/universe amd64 libavcodec-ffmpeg56 amd64 7:2.8.10-0ubuntu0.16.04.1 [4.085 kB]
Des:21 http://co.archive.ubuntu.com/ubuntu xenial-updates/universe amd64 libavutil-ffmpeg54 amd64 7:2.8.10-0ubuntu0.16.04.1 [165 kB]
Des:22 http://co.archive.ubuntu.com/ubuntu xenial-updates/universe amd64 libavutil-dev amd64 7:2.8.10-0ubuntu0.16.04.1 [245 kB]
Des:23 http://co.archive.ubuntu.com/ubuntu xenial-updates/universe amd64 libswresample-dev amd64 7:2.8.10-0ubuntu0.16.04.1 [65,0 kB]
Des:24 http://co.archive.ubuntu.com/ubuntu xenial-updates/universe amd64 libavcodec-dev amd64 7:2.8.10-0ubuntu0.16.04.1 [4.508 kB]
Des:25 http://co.archive.ubuntu.com/ubuntu xenial-updates/universe amd64 libavformat-dev amd64 7:2.8.10-0ubuntu0.16.04.1 [969 kB]
Des:26 http://co.archive.ubuntu.com/ubuntu xenial/main amd64 libcairo-script-interpreter2 amd64 1.14.6-1 [54,3 kB]
Des:27 http://co.archive.ubuntu.com/ubuntu xenial/main amd64 libpng12-dev amd64 1.2.54-1ubuntu1 [184 kB] 
Des:28 http://co.archive.ubuntu.com/ubuntu xenial/main amd64 libfreetype6-dev amd64 2.6.1-0.1ubuntu2 [956 kB]
Des:29 http://co.archive.ubuntu.com/ubuntu xenial-updates/main amd64 libfontconfig1-dev amd64 2.11.94-0ubuntu1.1 [658 kB]
Des:30 http://co.archive.ubuntu.com/ubuntu xenial/main amd64 x11proto-render-dev all 2:0.11.1-2 [20,1 kB]
Des:31 http://co.archive.ubuntu.com/ubuntu xenial/main amd64 libxrender-dev amd64 1:0.9.9-0ubuntu1 [24,5 kB]
Des:32 http://co.archive.ubuntu.com/ubuntu xenial/main amd64 libpixman-1-dev amd64 0.33.6-1 [248 kB]     
Des:33 http://co.archive.ubuntu.com/ubuntu xenial/main amd64 libxcb-shm0-dev amd64 1.11.1-1ubuntu1 [6.604 B]
Des:34 http://co.archive.ubuntu.com/ubuntu xenial/main amd64 libcairo2-dev amd64 1.14.6-1 [590 kB]       
Des:35 http://co.archive.ubuntu.com/ubuntu xenial/universe amd64 libtbb2 amd64 4.4~20151115-0ubuntu3 [111 kB]
Des:36 http://co.archive.ubuntu.com/ubuntu xenial/universe amd64 libopencv-core2.4v5 amd64 2.4.9.1+dfsg-1.5ubuntu1 [675 kB]
Des:37 http://co.archive.ubuntu.com/ubuntu xenial/universe amd64 libopencv-core-dev amd64 2.4.9.1+dfsg-1.5ubuntu1 [835 kB]
Des:38 http://co.archive.ubuntu.com/ubuntu xenial/universe amd64 libopencv-imgproc2.4v5 amd64 2.4.9.1+dfsg-1.5ubuntu1 [632 kB]
Des:39 http://co.archive.ubuntu.com/ubuntu xenial/universe amd64 libopencv-imgproc-dev amd64 2.4.9.1+dfsg-1.5ubuntu1 [694 kB]
Des:40 http://co.archive.ubuntu.com/ubuntu xenial/universe amd64 libopencv-flann2.4v5 amd64 2.4.9.1+dfsg-1.5ubuntu1 [107 kB]
Des:41 http://co.archive.ubuntu.com/ubuntu xenial/universe amd64 libopencv-flann-dev amd64 2.4.9.1+dfsg-1.5ubuntu1 [161 kB]
Des:42 http://co.archive.ubuntu.com/ubuntu xenial/universe amd64 libopencv-features2d2.4v5 amd64 2.4.9.1+dfsg-1.5ubuntu1 [215 kB]
Des:43 http://co.archive.ubuntu.com/ubuntu xenial/universe amd64 libopencv-features2d-dev amd64 2.4.9.1+dfsg-1.5ubuntu1 [257 kB]
Des:44 http://co.archive.ubuntu.com/ubuntu xenial/universe amd64 libopencv-calib3d2.4v5 amd64 2.4.9.1+dfsg-1.5ubuntu1 [218 kB]
Des:45 http://co.archive.ubuntu.com/ubuntu xenial/universe amd64 libopencv-calib3d-dev amd64 2.4.9.1+dfsg-1.5ubuntu1 [239 kB]
Des:46 http://co.archive.ubuntu.com/ubuntu xenial/universe amd64 libgtkglext1 amd64 1.2.0-3.2fakesync1ubuntu1 [76,8 kB]
Des:47 http://co.archive.ubuntu.com/ubuntu xenial/universe amd64 libopencv-highgui2.4v5 amd64 2.4.9.1+dfsg-1.5ubuntu1 [101 kB]
Des:48 http://co.archive.ubuntu.com/ubuntu xenial-updates/universe amd64 libswscale-dev amd64 7:2.8.10-0ubuntu0.16.04.1 [164 kB]
Des:49 http://co.archive.ubuntu.com/ubuntu xenial-updates/main amd64 libgdk-pixbuf2.0-dev amd64 2.32.2-1ubuntu1.2 [44,4 kB]
Des:50 http://co.archive.ubuntu.com/ubuntu xenial-updates/main amd64 libharfbuzz-gobject0 amd64 1.0.1-1ubuntu0.1 [10,9 kB]
Des:51 http://co.archive.ubuntu.com/ubuntu xenial-updates/main amd64 libharfbuzz-dev amd64 1.0.1-1ubuntu0.1 [189 kB]
Des:52 http://co.archive.ubuntu.com/ubuntu xenial/main amd64 libxft-dev amd64 2.3.2-1 [45,7 kB]          
Des:53 http://co.archive.ubuntu.com/ubuntu xenial/main amd64 libpango1.0-dev amd64 1.38.1-1 [277 kB]     
Des:54 http://co.archive.ubuntu.com/ubuntu xenial/main amd64 x11proto-xinerama-dev all 1.2.1-2 [4.966 B] 
Des:55 http://co.archive.ubuntu.com/ubuntu xenial/main amd64 libxinerama-dev amd64 2:1.1.3-1 [8.404 B]   
Des:56 http://co.archive.ubuntu.com/ubuntu xenial/main amd64 x11proto-randr-dev all 1.5.0-1 [33,7 kB]    
Des:57 http://co.archive.ubuntu.com/ubuntu xenial/main amd64 libxrandr-dev amd64 2:1.5.0-1 [23,7 kB]     
Des:58 http://co.archive.ubuntu.com/ubuntu xenial/main amd64 libxcursor-dev amd64 1:1.1.14-1 [29,8 kB]   
Des:59 http://co.archive.ubuntu.com/ubuntu xenial/main amd64 x11proto-composite-dev all 1:0.4.2-2 [10,5 kB]
Des:60 http://co.archive.ubuntu.com/ubuntu xenial/main amd64 libxcomposite-dev amd64 1:0.4.4-1 [9.954 B] 
Des:61 http://co.archive.ubuntu.com/ubuntu xenial-updates/main amd64 libxml2-utils amd64 2.9.3+dfsg1-1ubuntu0.1 [37,5 kB]
Des:62 http://co.archive.ubuntu.com/ubuntu xenial/main amd64 libgtk2.0-dev amd64 2.24.30-1ubuntu1 [2.598 kB]
Des:63 http://co.archive.ubuntu.com/ubuntu xenial/main amd64 libjasper-dev amd64 1.900.1-debian1-2.4ubuntu1 [519 kB]
Des:64 http://co.archive.ubuntu.com/ubuntu xenial/main amd64 libjpeg-turbo8-dev amd64 1.4.2-0ubuntu3 [254 kB]
Des:65 http://co.archive.ubuntu.com/ubuntu xenial/main amd64 libjpeg8-dev amd64 8c-2ubuntu8 [1.552 B]    
Des:66 http://co.archive.ubuntu.com/ubuntu xenial/main amd64 libjpeg-dev amd64 8c-2ubuntu8 [1.546 B]     
Des:67 http://co.archive.ubuntu.com/ubuntu xenial/main amd64 libjbig-dev amd64 2.1-3.1 [24,8 kB]         
Des:68 http://co.archive.ubuntu.com/ubuntu xenial/main amd64 liblzma-dev amd64 5.1.1alpha+20120614-2ubuntu2 [137 kB]
Des:69 http://co.archive.ubuntu.com/ubuntu xenial/main amd64 libtiffxx5 amd64 4.0.6-1 [5.582 B]          
Des:70 http://co.archive.ubuntu.com/ubuntu xenial/main amd64 libtiff5-dev amd64 4.0.6-1 [266 kB]         
Des:71 http://co.archive.ubuntu.com/ubuntu xenial/main amd64 libraw1394-dev amd64 2.1.1-2 [35,3 kB]      
Des:72 http://co.archive.ubuntu.com/ubuntu xenial/universe amd64 libdc1394-22-dev amd64 2.2.4-1 [110 kB] 
Des:73 http://co.archive.ubuntu.com/ubuntu xenial/universe amd64 libopencv-highgui-dev amd64 2.4.9.1+dfsg-1.5ubuntu1 [132 kB]
Des:74 http://co.archive.ubuntu.com/ubuntu xenial/universe amd64 libopencv-objdetect2.4v5 amd64 2.4.9.1+dfsg-1.5ubuntu1 [191 kB]
Des:75 http://co.archive.ubuntu.com/ubuntu xenial/universe amd64 libopencv-objdetect-dev amd64 2.4.9.1+dfsg-1.5ubuntu1 [217 kB]
Des:76 http://co.archive.ubuntu.com/ubuntu xenial/universe amd64 libopencv-video2.4v5 amd64 2.4.9.1+dfsg-1.5ubuntu1 [119 kB]
Des:77 http://co.archive.ubuntu.com/ubuntu xenial/universe amd64 libopencv-video-dev amd64 2.4.9.1+dfsg-1.5ubuntu1 [134 kB]
Des:78 http://co.archive.ubuntu.com/ubuntu xenial/universe amd64 libopencv-ml2.4v5 amd64 2.4.9.1+dfsg-1.5ubuntu1 [190 kB]
Des:79 http://co.archive.ubuntu.com/ubuntu xenial/universe amd64 libopencv-ml-dev amd64 2.4.9.1+dfsg-1.5ubuntu1 [225 kB]
Des:80 http://co.archive.ubuntu.com/ubuntu xenial/universe amd64 libopencv-legacy2.4v5 amd64 2.4.9.1+dfsg-1.5ubuntu1 [406 kB]
Des:81 http://co.archive.ubuntu.com/ubuntu xenial/universe amd64 libopencv-legacy-dev amd64 2.4.9.1+dfsg-1.5ubuntu1 [510 kB]
Des:82 http://co.archive.ubuntu.com/ubuntu xenial/universe amd64 libcv-dev amd64 2.4.9.1+dfsg-1.5ubuntu1 [4.170 B]
Des:83 http://co.archive.ubuntu.com/ubuntu xenial/universe amd64 libopencv-contrib2.4v5 amd64 2.4.9.1+dfsg-1.5ubuntu1 [300 kB]
Des:84 http://co.archive.ubuntu.com/ubuntu xenial/universe amd64 libopencv-contrib-dev amd64 2.4.9.1+dfsg-1.5ubuntu1 [355 kB]
Des:85 http://co.archive.ubuntu.com/ubuntu xenial/universe amd64 libcvaux-dev amd64 2.4.9.1+dfsg-1.5ubuntu1 [3.356 B]
Des:86 http://co.archive.ubuntu.com/ubuntu xenial/universe amd64 libhighgui-dev amd64 2.4.9.1+dfsg-1.5ubuntu1 [3.122 B]
Des:87 http://co.archive.ubuntu.com/ubuntu xenial/main amd64 libsys-hostname-long-perl all 1.5-1 [11,7 kB]
Des:88 http://co.archive.ubuntu.com/ubuntu xenial/main amd64 libmail-sendmail-perl all 0.79.16-1 [26,5 kB]
Des:89 http://co.archive.ubuntu.com/ubuntu xenial/universe amd64 libopencv-ts2.4v5 amd64 2.4.9.1+dfsg-1.5ubuntu1 [229 kB]
Des:90 http://co.archive.ubuntu.com/ubuntu xenial/universe amd64 libopencv-ts-dev amd64 2.4.9.1+dfsg-1.5ubuntu1 [356 kB]
Des:91 http://co.archive.ubuntu.com/ubuntu xenial/universe amd64 libopencv-photo2.4v5 amd64 2.4.9.1+dfsg-1.5ubuntu1 [43,8 kB]
Des:92 http://co.archive.ubuntu.com/ubuntu xenial/universe amd64 libopencv-photo-dev amd64 2.4.9.1+dfsg-1.5ubuntu1 [45,2 kB]
Des:93 http://co.archive.ubuntu.com/ubuntu xenial/universe amd64 libopencv-gpu-dev amd64 2.4.9.1+dfsg-1.5ubuntu1 [139 kB]
Des:94 http://co.archive.ubuntu.com/ubuntu xenial/universe amd64 libopencv-gpu2.4v5 amd64 2.4.9.1+dfsg-1.5ubuntu1 [41,5 kB]
Des:95 http://co.archive.ubuntu.com/ubuntu xenial/universe amd64 libopencv-videostab2.4v5 amd64 2.4.9.1+dfsg-1.5ubuntu1 [80,6 kB]
Des:96 http://co.archive.ubuntu.com/ubuntu xenial/universe amd64 libopencv-videostab-dev amd64 2.4.9.1+dfsg-1.5ubuntu1 [94,6 kB]
Des:97 http://co.archive.ubuntu.com/ubuntu xenial/universe amd64 libopencv-stitching2.4v5 amd64 2.4.9.1+dfsg-1.5ubuntu1 [180 kB]
Des:98 http://co.archive.ubuntu.com/ubuntu xenial/universe amd64 libopencv-stitching-dev amd64 2.4.9.1+dfsg-1.5ubuntu1 [207 kB]
Des:99 http://co.archive.ubuntu.com/ubuntu xenial/universe amd64 libopencv-ocl2.4v5 amd64 2.4.9.1+dfsg-1.5ubuntu1 [456 kB]
Des:100 http://co.archive.ubuntu.com/ubuntu xenial/universe amd64 libopencv-superres2.4v5 amd64 2.4.9.1+dfsg-1.5ubuntu1 [68,4 kB]
Des:101 http://co.archive.ubuntu.com/ubuntu xenial/universe amd64 libopencv-superres-dev amd64 2.4.9.1+dfsg-1.5ubuntu1 [79,8 kB]
Des:102 http://co.archive.ubuntu.com/ubuntu xenial/universe amd64 libopencv-ocl-dev amd64 2.4.9.1+dfsg-1.5ubuntu1 [519 kB]
Des:103 http://co.archive.ubuntu.com/ubuntu xenial/universe amd64 libopencv2.4-jni amd64 2.4.9.1+dfsg-1.5ubuntu1 [148 kB]
Des:104 http://co.archive.ubuntu.com/ubuntu xenial/universe amd64 libopencv2.4-java all 2.4.9.1+dfsg-1.5ubuntu1 [433 kB]
Des:105 http://co.archive.ubuntu.com/ubuntu xenial/universe amd64 libopencv-dev amd64 2.4.9.1+dfsg-1.5ubuntu1 [169 kB]
Des:106 http://co.archive.ubuntu.com/ubuntu xenial/main amd64 libraw1394-tools amd64 2.1.1-2 [16,0 kB]   
Des:107 http://co.archive.ubuntu.com/ubuntu xenial/universe amd64 opencv-data all 2.4.9.1+dfsg-1.5ubuntu1 [1.601 kB]
Descargados 36,1 MB en 11min 57s (50,3 kB/s)                                                             
Extrayendo plantillas para los paquetes: 100%
Seleccionando el paquete libilmbase-dev previamente no seleccionado.
(Leyendo la base de datos ... 294043 ficheros o directorios instalados actualmente.)
Preparando para desempaquetar .../libilmbase-dev_2.2.0-11ubuntu2_amd64.deb ...
Desempaquetando libilmbase-dev (2.2.0-11ubuntu2) ...
Seleccionando el paquete libopenexr-dev previamente no seleccionado.
Preparando para desempaquetar .../libopenexr-dev_2.2.0-10ubuntu2_amd64.deb ...
Desempaquetando libopenexr-dev (2.2.0-10ubuntu2) ...
Seleccionando el paquete libpcrecpp0v5:amd64 previamente no seleccionado.
Preparando para desempaquetar .../libpcrecpp0v5_2%3a8.38-3.1_amd64.deb ...
Desempaquetando libpcrecpp0v5:amd64 (2:8.38-3.1) ...
Preparando para desempaquetar .../libglib2.0-bin_2.48.2-0ubuntu1_amd64.deb ...
Desempaquetando libglib2.0-bin (2.48.2-0ubuntu1) sobre (2.48.1-1~ubuntu16.04.1) ...
Preparando para desempaquetar .../libglib2.0-0_2.48.2-0ubuntu1_amd64.deb ...
Desempaquetando libglib2.0-0:amd64 (2.48.2-0ubuntu1) sobre (2.48.1-1~ubuntu16.04.1) ...
Seleccionando el paquete autotools-dev previamente no seleccionado.
Preparando para desempaquetar .../autotools-dev_20150820.1_all.deb ...
Desempaquetando autotools-dev (20150820.1) ...
Seleccionando el paquete po-debconf previamente no seleccionado.
Preparando para desempaquetar .../po-debconf_1.0.19_all.deb ...
Desempaquetando po-debconf (1.0.19) ...
Seleccionando el paquete libfile-stripnondeterminism-perl previamente no seleccionado.
Preparando para desempaquetar .../libfile-stripnondeterminism-perl_0.015-1_all.deb ...
Desempaquetando libfile-stripnondeterminism-perl (0.015-1) ...
Seleccionando el paquete dh-strip-nondeterminism previamente no seleccionado.
Preparando para desempaquetar .../dh-strip-nondeterminism_0.015-1_all.deb ...
Desempaquetando dh-strip-nondeterminism (0.015-1) ...
Seleccionando el paquete debhelper previamente no seleccionado.
Preparando para desempaquetar .../debhelper_9.20160115ubuntu3_all.deb ...
Desempaquetando debhelper (9.20160115ubuntu3) ...
Seleccionando el paquete gir1.2-gtk-2.0 previamente no seleccionado.
Preparando para desempaquetar .../gir1.2-gtk-2.0_2.24.30-1ubuntu1_amd64.deb ...
Desempaquetando gir1.2-gtk-2.0 (2.24.30-1ubuntu1) ...
Seleccionando el paquete libpcre32-3:amd64 previamente no seleccionado.
Preparando para desempaquetar .../libpcre32-3_2%3a8.38-3.1_amd64.deb ...
Desempaquetando libpcre32-3:amd64 (2:8.38-3.1) ...
Seleccionando el paquete libpcre3-dev:amd64 previamente no seleccionado.
Preparando para desempaquetar .../libpcre3-dev_2%3a8.38-3.1_amd64.deb ...
Desempaquetando libpcre3-dev:amd64 (2:8.38-3.1) ...
Seleccionando el paquete zlib1g-dev:amd64 previamente no seleccionado.
Preparando para desempaquetar .../zlib1g-dev_1%3a1.2.8.dfsg-2ubuntu4_amd64.deb ...
Desempaquetando zlib1g-dev:amd64 (1:1.2.8.dfsg-2ubuntu4) ...
Seleccionando el paquete libglib2.0-dev previamente no seleccionado.
Preparando para desempaquetar .../libglib2.0-dev_2.48.2-0ubuntu1_amd64.deb ...
Desempaquetando libglib2.0-dev (2.48.2-0ubuntu1) ...
Seleccionando el paquete libatk1.0-dev previamente no seleccionado.
Preparando para desempaquetar .../libatk1.0-dev_2.18.0-1_amd64.deb ...
Desempaquetando libatk1.0-dev (2.18.0-1) ...
Preparando para desempaquetar .../libswscale-ffmpeg3_7%3a2.8.10-0ubuntu0.16.04.1_amd64.deb ...
Desempaquetando libswscale-ffmpeg3:amd64 (7:2.8.10-0ubuntu0.16.04.1) sobre (7:2.8.6-1ubuntu2) ...
Preparando para desempaquetar .../libswresample-ffmpeg1_7%3a2.8.10-0ubuntu0.16.04.1_amd64.deb ...
Desempaquetando libswresample-ffmpeg1:amd64 (7:2.8.10-0ubuntu0.16.04.1) sobre (7:2.8.6-1ubuntu2) ...
Preparando para desempaquetar .../libavformat-ffmpeg56_7%3a2.8.10-0ubuntu0.16.04.1_amd64.deb ...
Desempaquetando libavformat-ffmpeg56:amd64 (7:2.8.10-0ubuntu0.16.04.1) sobre (7:2.8.6-1ubuntu2) ...
Preparando para desempaquetar .../libavcodec-ffmpeg56_7%3a2.8.10-0ubuntu0.16.04.1_amd64.deb ...
Desempaquetando libavcodec-ffmpeg56:amd64 (7:2.8.10-0ubuntu0.16.04.1) sobre (7:2.8.6-1ubuntu2) ...
Preparando para desempaquetar .../libavutil-ffmpeg54_7%3a2.8.10-0ubuntu0.16.04.1_amd64.deb ...
Desempaquetando libavutil-ffmpeg54:amd64 (7:2.8.10-0ubuntu0.16.04.1) sobre (7:2.8.6-1ubuntu2) ...
Seleccionando el paquete libavutil-dev:amd64 previamente no seleccionado.
Preparando para desempaquetar .../libavutil-dev_7%3a2.8.10-0ubuntu0.16.04.1_amd64.deb ...
Desempaquetando libavutil-dev:amd64 (7:2.8.10-0ubuntu0.16.04.1) ...
Seleccionando el paquete libswresample-dev:amd64 previamente no seleccionado.
Preparando para desempaquetar .../libswresample-dev_7%3a2.8.10-0ubuntu0.16.04.1_amd64.deb ...
Desempaquetando libswresample-dev:amd64 (7:2.8.10-0ubuntu0.16.04.1) ...
Seleccionando el paquete libavcodec-dev:amd64 previamente no seleccionado.
Preparando para desempaquetar .../libavcodec-dev_7%3a2.8.10-0ubuntu0.16.04.1_amd64.deb ...
Desempaquetando libavcodec-dev:amd64 (7:2.8.10-0ubuntu0.16.04.1) ...
Seleccionando el paquete libavformat-dev:amd64 previamente no seleccionado.
Preparando para desempaquetar .../libavformat-dev_7%3a2.8.10-0ubuntu0.16.04.1_amd64.deb ...
Desempaquetando libavformat-dev:amd64 (7:2.8.10-0ubuntu0.16.04.1) ...
Seleccionando el paquete libcairo-script-interpreter2:amd64 previamente no seleccionado.
Preparando para desempaquetar .../libcairo-script-interpreter2_1.14.6-1_amd64.deb ...
Desempaquetando libcairo-script-interpreter2:amd64 (1.14.6-1) ...
Seleccionando el paquete libpng12-dev:amd64 previamente no seleccionado.
Preparando para desempaquetar .../libpng12-dev_1.2.54-1ubuntu1_amd64.deb ...
Desempaquetando libpng12-dev:amd64 (1.2.54-1ubuntu1) ...
Seleccionando el paquete libfreetype6-dev:amd64 previamente no seleccionado.
Preparando para desempaquetar .../libfreetype6-dev_2.6.1-0.1ubuntu2_amd64.deb ...
Desempaquetando libfreetype6-dev:amd64 (2.6.1-0.1ubuntu2) ...
Seleccionando el paquete libfontconfig1-dev:amd64 previamente no seleccionado.
Preparando para desempaquetar .../libfontconfig1-dev_2.11.94-0ubuntu1.1_amd64.deb ...
Desempaquetando libfontconfig1-dev:amd64 (2.11.94-0ubuntu1.1) ...
Seleccionando el paquete x11proto-render-dev previamente no seleccionado.
Preparando para desempaquetar .../x11proto-render-dev_2%3a0.11.1-2_all.deb ...
Desempaquetando x11proto-render-dev (2:0.11.1-2) ...
Seleccionando el paquete libxrender-dev:amd64 previamente no seleccionado.
Preparando para desempaquetar .../libxrender-dev_1%3a0.9.9-0ubuntu1_amd64.deb ...
Desempaquetando libxrender-dev:amd64 (1:0.9.9-0ubuntu1) ...
Seleccionando el paquete libpixman-1-dev previamente no seleccionado.
Preparando para desempaquetar .../libpixman-1-dev_0.33.6-1_amd64.deb ...
Desempaquetando libpixman-1-dev (0.33.6-1) ...
Seleccionando el paquete libxcb-shm0-dev:amd64 previamente no seleccionado.
Preparando para desempaquetar .../libxcb-shm0-dev_1.11.1-1ubuntu1_amd64.deb ...
Desempaquetando libxcb-shm0-dev:amd64 (1.11.1-1ubuntu1) ...
Seleccionando el paquete libcairo2-dev previamente no seleccionado.
Preparando para desempaquetar .../libcairo2-dev_1.14.6-1_amd64.deb ...
Desempaquetando libcairo2-dev (1.14.6-1) ...
Seleccionando el paquete libtbb2:amd64 previamente no seleccionado.
Preparando para desempaquetar .../libtbb2_4.4~20151115-0ubuntu3_amd64.deb ...
Desempaquetando libtbb2:amd64 (4.4~20151115-0ubuntu3) ...
Seleccionando el paquete libopencv-core2.4v5:amd64 previamente no seleccionado.
Preparando para desempaquetar .../libopencv-core2.4v5_2.4.9.1+dfsg-1.5ubuntu1_amd64.deb ...
Desempaquetando libopencv-core2.4v5:amd64 (2.4.9.1+dfsg-1.5ubuntu1) ...
Seleccionando el paquete libopencv-core-dev:amd64 previamente no seleccionado.
Preparando para desempaquetar .../libopencv-core-dev_2.4.9.1+dfsg-1.5ubuntu1_amd64.deb ...
Desempaquetando libopencv-core-dev:amd64 (2.4.9.1+dfsg-1.5ubuntu1) ...
Seleccionando el paquete libopencv-imgproc2.4v5:amd64 previamente no seleccionado.
Preparando para desempaquetar .../libopencv-imgproc2.4v5_2.4.9.1+dfsg-1.5ubuntu1_amd64.deb ...
Desempaquetando libopencv-imgproc2.4v5:amd64 (2.4.9.1+dfsg-1.5ubuntu1) ...
Seleccionando el paquete libopencv-imgproc-dev:amd64 previamente no seleccionado.
Preparando para desempaquetar .../libopencv-imgproc-dev_2.4.9.1+dfsg-1.5ubuntu1_amd64.deb ...
Desempaquetando libopencv-imgproc-dev:amd64 (2.4.9.1+dfsg-1.5ubuntu1) ...
Seleccionando el paquete libopencv-flann2.4v5:amd64 previamente no seleccionado.
Preparando para desempaquetar .../libopencv-flann2.4v5_2.4.9.1+dfsg-1.5ubuntu1_amd64.deb ...
Desempaquetando libopencv-flann2.4v5:amd64 (2.4.9.1+dfsg-1.5ubuntu1) ...
Seleccionando el paquete libopencv-flann-dev:amd64 previamente no seleccionado.
Preparando para desempaquetar .../libopencv-flann-dev_2.4.9.1+dfsg-1.5ubuntu1_amd64.deb ...
Desempaquetando libopencv-flann-dev:amd64 (2.4.9.1+dfsg-1.5ubuntu1) ...
Seleccionando el paquete libopencv-features2d2.4v5:amd64 previamente no seleccionado.
Preparando para desempaquetar .../libopencv-features2d2.4v5_2.4.9.1+dfsg-1.5ubuntu1_amd64.deb ...
Desempaquetando libopencv-features2d2.4v5:amd64 (2.4.9.1+dfsg-1.5ubuntu1) ...
Seleccionando el paquete libopencv-features2d-dev:amd64 previamente no seleccionado.
Preparando para desempaquetar .../libopencv-features2d-dev_2.4.9.1+dfsg-1.5ubuntu1_amd64.deb ...
Desempaquetando libopencv-features2d-dev:amd64 (2.4.9.1+dfsg-1.5ubuntu1) ...
Seleccionando el paquete libopencv-calib3d2.4v5:amd64 previamente no seleccionado.
Preparando para desempaquetar .../libopencv-calib3d2.4v5_2.4.9.1+dfsg-1.5ubuntu1_amd64.deb ...
Desempaquetando libopencv-calib3d2.4v5:amd64 (2.4.9.1+dfsg-1.5ubuntu1) ...
Seleccionando el paquete libopencv-calib3d-dev:amd64 previamente no seleccionado.
Preparando para desempaquetar .../libopencv-calib3d-dev_2.4.9.1+dfsg-1.5ubuntu1_amd64.deb ...
Desempaquetando libopencv-calib3d-dev:amd64 (2.4.9.1+dfsg-1.5ubuntu1) ...
Seleccionando el paquete libgtkglext1:amd64 previamente no seleccionado.
Preparando para desempaquetar .../libgtkglext1_1.2.0-3.2fakesync1ubuntu1_amd64.deb ...
Desempaquetando libgtkglext1:amd64 (1.2.0-3.2fakesync1ubuntu1) ...
Seleccionando el paquete libopencv-highgui2.4v5:amd64 previamente no seleccionado.
Preparando para desempaquetar .../libopencv-highgui2.4v5_2.4.9.1+dfsg-1.5ubuntu1_amd64.deb ...
Desempaquetando libopencv-highgui2.4v5:amd64 (2.4.9.1+dfsg-1.5ubuntu1) ...
Seleccionando el paquete libswscale-dev:amd64 previamente no seleccionado.
Preparando para desempaquetar .../libswscale-dev_7%3a2.8.10-0ubuntu0.16.04.1_amd64.deb ...
Desempaquetando libswscale-dev:amd64 (7:2.8.10-0ubuntu0.16.04.1) ...
Seleccionando el paquete libgdk-pixbuf2.0-dev previamente no seleccionado.
Preparando para desempaquetar .../libgdk-pixbuf2.0-dev_2.32.2-1ubuntu1.2_amd64.deb ...
Desempaquetando libgdk-pixbuf2.0-dev (2.32.2-1ubuntu1.2) ...
Seleccionando el paquete libharfbuzz-gobject0:amd64 previamente no seleccionado.
Preparando para desempaquetar .../libharfbuzz-gobject0_1.0.1-1ubuntu0.1_amd64.deb ...
Desempaquetando libharfbuzz-gobject0:amd64 (1.0.1-1ubuntu0.1) ...
Seleccionando el paquete libharfbuzz-dev previamente no seleccionado.
Preparando para desempaquetar .../libharfbuzz-dev_1.0.1-1ubuntu0.1_amd64.deb ...
Desempaquetando libharfbuzz-dev (1.0.1-1ubuntu0.1) ...
Seleccionando el paquete libxft-dev previamente no seleccionado.
Preparando para desempaquetar .../libxft-dev_2.3.2-1_amd64.deb ...
Desempaquetando libxft-dev (2.3.2-1) ...
Seleccionando el paquete libpango1.0-dev previamente no seleccionado.
Preparando para desempaquetar .../libpango1.0-dev_1.38.1-1_amd64.deb ...
Desempaquetando libpango1.0-dev (1.38.1-1) ...
Seleccionando el paquete x11proto-xinerama-dev previamente no seleccionado.
Preparando para desempaquetar .../x11proto-xinerama-dev_1.2.1-2_all.deb ...
Desempaquetando x11proto-xinerama-dev (1.2.1-2) ...
Seleccionando el paquete libxinerama-dev:amd64 previamente no seleccionado.
Preparando para desempaquetar .../libxinerama-dev_2%3a1.1.3-1_amd64.deb ...
Desempaquetando libxinerama-dev:amd64 (2:1.1.3-1) ...
Seleccionando el paquete x11proto-randr-dev previamente no seleccionado.
Preparando para desempaquetar .../x11proto-randr-dev_1.5.0-1_all.deb ...
Desempaquetando x11proto-randr-dev (1.5.0-1) ...
Seleccionando el paquete libxrandr-dev:amd64 previamente no seleccionado.
Preparando para desempaquetar .../libxrandr-dev_2%3a1.5.0-1_amd64.deb ...
Desempaquetando libxrandr-dev:amd64 (2:1.5.0-1) ...
Seleccionando el paquete libxcursor-dev:amd64 previamente no seleccionado.
Preparando para desempaquetar .../libxcursor-dev_1%3a1.1.14-1_amd64.deb ...
Desempaquetando libxcursor-dev:amd64 (1:1.1.14-1) ...
Seleccionando el paquete x11proto-composite-dev previamente no seleccionado.
Preparando para desempaquetar .../x11proto-composite-dev_1%3a0.4.2-2_all.deb ...
Desempaquetando x11proto-composite-dev (1:0.4.2-2) ...
Seleccionando el paquete libxcomposite-dev previamente no seleccionado.
Preparando para desempaquetar .../libxcomposite-dev_1%3a0.4.4-1_amd64.deb ...
Desempaquetando libxcomposite-dev (1:0.4.4-1) ...
Seleccionando el paquete libxml2-utils previamente no seleccionado.
Preparando para desempaquetar .../libxml2-utils_2.9.3+dfsg1-1ubuntu0.1_amd64.deb ...
Desempaquetando libxml2-utils (2.9.3+dfsg1-1ubuntu0.1) ...
Seleccionando el paquete libgtk2.0-dev previamente no seleccionado.
Preparando para desempaquetar .../libgtk2.0-dev_2.24.30-1ubuntu1_amd64.deb ...
Desempaquetando libgtk2.0-dev (2.24.30-1ubuntu1) ...
Seleccionando el paquete libjasper-dev previamente no seleccionado.
Preparando para desempaquetar .../libjasper-dev_1.900.1-debian1-2.4ubuntu1_amd64.deb ...
Desempaquetando libjasper-dev (1.900.1-debian1-2.4ubuntu1) ...
Seleccionando el paquete libjpeg-turbo8-dev:amd64 previamente no seleccionado.
Preparando para desempaquetar .../libjpeg-turbo8-dev_1.4.2-0ubuntu3_amd64.deb ...
Desempaquetando libjpeg-turbo8-dev:amd64 (1.4.2-0ubuntu3) ...
Seleccionando el paquete libjpeg8-dev:amd64 previamente no seleccionado.
Preparando para desempaquetar .../libjpeg8-dev_8c-2ubuntu8_amd64.deb ...
Desempaquetando libjpeg8-dev:amd64 (8c-2ubuntu8) ...
Seleccionando el paquete libjpeg-dev:amd64 previamente no seleccionado.
Preparando para desempaquetar .../libjpeg-dev_8c-2ubuntu8_amd64.deb ...
Desempaquetando libjpeg-dev:amd64 (8c-2ubuntu8) ...
Seleccionando el paquete libjbig-dev:amd64 previamente no seleccionado.
Preparando para desempaquetar .../libjbig-dev_2.1-3.1_amd64.deb ...
Desempaquetando libjbig-dev:amd64 (2.1-3.1) ...
Seleccionando el paquete liblzma-dev:amd64 previamente no seleccionado.
Preparando para desempaquetar .../liblzma-dev_5.1.1alpha+20120614-2ubuntu2_amd64.deb ...
Desempaquetando liblzma-dev:amd64 (5.1.1alpha+20120614-2ubuntu2) ...
Seleccionando el paquete libtiffxx5:amd64 previamente no seleccionado.
Preparando para desempaquetar .../libtiffxx5_4.0.6-1_amd64.deb ...
Desempaquetando libtiffxx5:amd64 (4.0.6-1) ...
Seleccionando el paquete libtiff5-dev:amd64 previamente no seleccionado.
Preparando para desempaquetar .../libtiff5-dev_4.0.6-1_amd64.deb ...
Desempaquetando libtiff5-dev:amd64 (4.0.6-1) ...
Seleccionando el paquete libraw1394-dev:amd64 previamente no seleccionado.
Preparando para desempaquetar .../libraw1394-dev_2.1.1-2_amd64.deb ...
Desempaquetando libraw1394-dev:amd64 (2.1.1-2) ...
Seleccionando el paquete libdc1394-22-dev:amd64 previamente no seleccionado.
Preparando para desempaquetar .../libdc1394-22-dev_2.2.4-1_amd64.deb ...
Desempaquetando libdc1394-22-dev:amd64 (2.2.4-1) ...
Seleccionando el paquete libopencv-highgui-dev:amd64 previamente no seleccionado.
Preparando para desempaquetar .../libopencv-highgui-dev_2.4.9.1+dfsg-1.5ubuntu1_amd64.deb ...
Desempaquetando libopencv-highgui-dev:amd64 (2.4.9.1+dfsg-1.5ubuntu1) ...
Seleccionando el paquete libopencv-objdetect2.4v5:amd64 previamente no seleccionado.
Preparando para desempaquetar .../libopencv-objdetect2.4v5_2.4.9.1+dfsg-1.5ubuntu1_amd64.deb ...
Desempaquetando libopencv-objdetect2.4v5:amd64 (2.4.9.1+dfsg-1.5ubuntu1) ...
Seleccionando el paquete libopencv-objdetect-dev:amd64 previamente no seleccionado.
Preparando para desempaquetar .../libopencv-objdetect-dev_2.4.9.1+dfsg-1.5ubuntu1_amd64.deb ...
Desempaquetando libopencv-objdetect-dev:amd64 (2.4.9.1+dfsg-1.5ubuntu1) ...
Seleccionando el paquete libopencv-video2.4v5:amd64 previamente no seleccionado.
Preparando para desempaquetar .../libopencv-video2.4v5_2.4.9.1+dfsg-1.5ubuntu1_amd64.deb ...
Desempaquetando libopencv-video2.4v5:amd64 (2.4.9.1+dfsg-1.5ubuntu1) ...
Seleccionando el paquete libopencv-video-dev:amd64 previamente no seleccionado.
Preparando para desempaquetar .../libopencv-video-dev_2.4.9.1+dfsg-1.5ubuntu1_amd64.deb ...
Desempaquetando libopencv-video-dev:amd64 (2.4.9.1+dfsg-1.5ubuntu1) ...
Seleccionando el paquete libopencv-ml2.4v5:amd64 previamente no seleccionado.
Preparando para desempaquetar .../libopencv-ml2.4v5_2.4.9.1+dfsg-1.5ubuntu1_amd64.deb ...
Desempaquetando libopencv-ml2.4v5:amd64 (2.4.9.1+dfsg-1.5ubuntu1) ...
Seleccionando el paquete libopencv-ml-dev:amd64 previamente no seleccionado.
Preparando para desempaquetar .../libopencv-ml-dev_2.4.9.1+dfsg-1.5ubuntu1_amd64.deb ...
Desempaquetando libopencv-ml-dev:amd64 (2.4.9.1+dfsg-1.5ubuntu1) ...
Seleccionando el paquete libopencv-legacy2.4v5:amd64 previamente no seleccionado.
Preparando para desempaquetar .../libopencv-legacy2.4v5_2.4.9.1+dfsg-1.5ubuntu1_amd64.deb ...
Desempaquetando libopencv-legacy2.4v5:amd64 (2.4.9.1+dfsg-1.5ubuntu1) ...
Seleccionando el paquete libopencv-legacy-dev:amd64 previamente no seleccionado.
Preparando para desempaquetar .../libopencv-legacy-dev_2.4.9.1+dfsg-1.5ubuntu1_amd64.deb ...
Desempaquetando libopencv-legacy-dev:amd64 (2.4.9.1+dfsg-1.5ubuntu1) ...
Seleccionando el paquete libcv-dev:amd64 previamente no seleccionado.
Preparando para desempaquetar .../libcv-dev_2.4.9.1+dfsg-1.5ubuntu1_amd64.deb ...
Desempaquetando libcv-dev:amd64 (2.4.9.1+dfsg-1.5ubuntu1) ...
Seleccionando el paquete libopencv-contrib2.4v5:amd64 previamente no seleccionado.
Preparando para desempaquetar .../libopencv-contrib2.4v5_2.4.9.1+dfsg-1.5ubuntu1_amd64.deb ...
Desempaquetando libopencv-contrib2.4v5:amd64 (2.4.9.1+dfsg-1.5ubuntu1) ...
Seleccionando el paquete libopencv-contrib-dev:amd64 previamente no seleccionado.
Preparando para desempaquetar .../libopencv-contrib-dev_2.4.9.1+dfsg-1.5ubuntu1_amd64.deb ...
Desempaquetando libopencv-contrib-dev:amd64 (2.4.9.1+dfsg-1.5ubuntu1) ...
Seleccionando el paquete libcvaux-dev:amd64 previamente no seleccionado.
Preparando para desempaquetar .../libcvaux-dev_2.4.9.1+dfsg-1.5ubuntu1_amd64.deb ...
Desempaquetando libcvaux-dev:amd64 (2.4.9.1+dfsg-1.5ubuntu1) ...
Seleccionando el paquete libhighgui-dev:amd64 previamente no seleccionado.
Preparando para desempaquetar .../libhighgui-dev_2.4.9.1+dfsg-1.5ubuntu1_amd64.deb ...
Desempaquetando libhighgui-dev:amd64 (2.4.9.1+dfsg-1.5ubuntu1) ...
Seleccionando el paquete libsys-hostname-long-perl previamente no seleccionado.
Preparando para desempaquetar .../libsys-hostname-long-perl_1.5-1_all.deb ...
Desempaquetando libsys-hostname-long-perl (1.5-1) ...
Seleccionando el paquete libmail-sendmail-perl previamente no seleccionado.
Preparando para desempaquetar .../libmail-sendmail-perl_0.79.16-1_all.deb ...
Desempaquetando libmail-sendmail-perl (0.79.16-1) ...
Seleccionando el paquete libopencv-ts2.4v5:amd64 previamente no seleccionado.
Preparando para desempaquetar .../libopencv-ts2.4v5_2.4.9.1+dfsg-1.5ubuntu1_amd64.deb ...
Desempaquetando libopencv-ts2.4v5:amd64 (2.4.9.1+dfsg-1.5ubuntu1) ...
Seleccionando el paquete libopencv-ts-dev:amd64 previamente no seleccionado.
Preparando para desempaquetar .../libopencv-ts-dev_2.4.9.1+dfsg-1.5ubuntu1_amd64.deb ...
Desempaquetando libopencv-ts-dev:amd64 (2.4.9.1+dfsg-1.5ubuntu1) ...
Seleccionando el paquete libopencv-photo2.4v5:amd64 previamente no seleccionado.
Preparando para desempaquetar .../libopencv-photo2.4v5_2.4.9.1+dfsg-1.5ubuntu1_amd64.deb ...
Desempaquetando libopencv-photo2.4v5:amd64 (2.4.9.1+dfsg-1.5ubuntu1) ...
Seleccionando el paquete libopencv-photo-dev:amd64 previamente no seleccionado.
Preparando para desempaquetar .../libopencv-photo-dev_2.4.9.1+dfsg-1.5ubuntu1_amd64.deb ...
Desempaquetando libopencv-photo-dev:amd64 (2.4.9.1+dfsg-1.5ubuntu1) ...
Seleccionando el paquete libopencv-gpu-dev:amd64 previamente no seleccionado.
Preparando para desempaquetar .../libopencv-gpu-dev_2.4.9.1+dfsg-1.5ubuntu1_amd64.deb ...
Desempaquetando libopencv-gpu-dev:amd64 (2.4.9.1+dfsg-1.5ubuntu1) ...
Seleccionando el paquete libopencv-gpu2.4v5:amd64 previamente no seleccionado.
Preparando para desempaquetar .../libopencv-gpu2.4v5_2.4.9.1+dfsg-1.5ubuntu1_amd64.deb ...
Desempaquetando libopencv-gpu2.4v5:amd64 (2.4.9.1+dfsg-1.5ubuntu1) ...
Seleccionando el paquete libopencv-videostab2.4v5:amd64 previamente no seleccionado.
Preparando para desempaquetar .../libopencv-videostab2.4v5_2.4.9.1+dfsg-1.5ubuntu1_amd64.deb ...
Desempaquetando libopencv-videostab2.4v5:amd64 (2.4.9.1+dfsg-1.5ubuntu1) ...
Seleccionando el paquete libopencv-videostab-dev:amd64 previamente no seleccionado.
Preparando para desempaquetar .../libopencv-videostab-dev_2.4.9.1+dfsg-1.5ubuntu1_amd64.deb ...
Desempaquetando libopencv-videostab-dev:amd64 (2.4.9.1+dfsg-1.5ubuntu1) ...
Seleccionando el paquete libopencv-stitching2.4v5:amd64 previamente no seleccionado.
Preparando para desempaquetar .../libopencv-stitching2.4v5_2.4.9.1+dfsg-1.5ubuntu1_amd64.deb ...
Desempaquetando libopencv-stitching2.4v5:amd64 (2.4.9.1+dfsg-1.5ubuntu1) ...
Seleccionando el paquete libopencv-stitching-dev:amd64 previamente no seleccionado.
Preparando para desempaquetar .../libopencv-stitching-dev_2.4.9.1+dfsg-1.5ubuntu1_amd64.deb ...
Desempaquetando libopencv-stitching-dev:amd64 (2.4.9.1+dfsg-1.5ubuntu1) ...
Seleccionando el paquete libopencv-ocl2.4v5:amd64 previamente no seleccionado.
Preparando para desempaquetar .../libopencv-ocl2.4v5_2.4.9.1+dfsg-1.5ubuntu1_amd64.deb ...
Desempaquetando libopencv-ocl2.4v5:amd64 (2.4.9.1+dfsg-1.5ubuntu1) ...
Seleccionando el paquete libopencv-superres2.4v5:amd64 previamente no seleccionado.
Preparando para desempaquetar .../libopencv-superres2.4v5_2.4.9.1+dfsg-1.5ubuntu1_amd64.deb ...
Desempaquetando libopencv-superres2.4v5:amd64 (2.4.9.1+dfsg-1.5ubuntu1) ...
Seleccionando el paquete libopencv-superres-dev:amd64 previamente no seleccionado.
Preparando para desempaquetar .../libopencv-superres-dev_2.4.9.1+dfsg-1.5ubuntu1_amd64.deb ...
Desempaquetando libopencv-superres-dev:amd64 (2.4.9.1+dfsg-1.5ubuntu1) ...
Seleccionando el paquete libopencv-ocl-dev:amd64 previamente no seleccionado.
Preparando para desempaquetar .../libopencv-ocl-dev_2.4.9.1+dfsg-1.5ubuntu1_amd64.deb ...
Desempaquetando libopencv-ocl-dev:amd64 (2.4.9.1+dfsg-1.5ubuntu1) ...
Seleccionando el paquete libopencv2.4-jni previamente no seleccionado.
Preparando para desempaquetar .../libopencv2.4-jni_2.4.9.1+dfsg-1.5ubuntu1_amd64.deb ...
Desempaquetando libopencv2.4-jni (2.4.9.1+dfsg-1.5ubuntu1) ...
Seleccionando el paquete libopencv2.4-java previamente no seleccionado.
Preparando para desempaquetar .../libopencv2.4-java_2.4.9.1+dfsg-1.5ubuntu1_all.deb ...
Desempaquetando libopencv2.4-java (2.4.9.1+dfsg-1.5ubuntu1) ...
Seleccionando el paquete libopencv-dev previamente no seleccionado.
Preparando para desempaquetar .../libopencv-dev_2.4.9.1+dfsg-1.5ubuntu1_amd64.deb ...
Desempaquetando libopencv-dev (2.4.9.1+dfsg-1.5ubuntu1) ...
Seleccionando el paquete libraw1394-tools previamente no seleccionado.
Preparando para desempaquetar .../libraw1394-tools_2.1.1-2_amd64.deb ...
Desempaquetando libraw1394-tools (2.1.1-2) ...
Seleccionando el paquete opencv-data previamente no seleccionado.
Preparando para desempaquetar .../opencv-data_2.4.9.1+dfsg-1.5ubuntu1_all.deb ...
Desempaquetando opencv-data (2.4.9.1+dfsg-1.5ubuntu1) ...
Procesando disparadores para libc-bin (2.23-0ubuntu3) ...
Procesando disparadores para man-db (2.7.5-1) ...
Procesando disparadores para doc-base (0.10.7) ...
Procesando 3 archivos doc-base añadidos...
Configurando libilmbase-dev (2.2.0-11ubuntu2) ...
Configurando libopenexr-dev (2.2.0-10ubuntu2) ...
Configurando libpcrecpp0v5:amd64 (2:8.38-3.1) ...
Configurando libglib2.0-0:amd64 (2.48.2-0ubuntu1) ...
Configurando libglib2.0-bin (2.48.2-0ubuntu1) ...
Configurando autotools-dev (20150820.1) ...
Configurando po-debconf (1.0.19) ...
Configurando libfile-stripnondeterminism-perl (0.015-1) ...
Configurando gir1.2-gtk-2.0 (2.24.30-1ubuntu1) ...
Configurando libpcre32-3:amd64 (2:8.38-3.1) ...
Configurando libpcre3-dev:amd64 (2:8.38-3.1) ...
Configurando zlib1g-dev:amd64 (1:1.2.8.dfsg-2ubuntu4) ...
Configurando libglib2.0-dev (2.48.2-0ubuntu1) ...
Configurando libatk1.0-dev (2.18.0-1) ...
Configurando libavutil-ffmpeg54:amd64 (7:2.8.10-0ubuntu0.16.04.1) ...
Configurando libswscale-ffmpeg3:amd64 (7:2.8.10-0ubuntu0.16.04.1) ...
Configurando libswresample-ffmpeg1:amd64 (7:2.8.10-0ubuntu0.16.04.1) ...
Configurando libavcodec-ffmpeg56:amd64 (7:2.8.10-0ubuntu0.16.04.1) ...
Configurando libavformat-ffmpeg56:amd64 (7:2.8.10-0ubuntu0.16.04.1) ...
Configurando libavutil-dev:amd64 (7:2.8.10-0ubuntu0.16.04.1) ...
Configurando libswresample-dev:amd64 (7:2.8.10-0ubuntu0.16.04.1) ...
Configurando libavcodec-dev:amd64 (7:2.8.10-0ubuntu0.16.04.1) ...
Configurando libavformat-dev:amd64 (7:2.8.10-0ubuntu0.16.04.1) ...
Configurando libcairo-script-interpreter2:amd64 (1.14.6-1) ...
Configurando libpng12-dev:amd64 (1.2.54-1ubuntu1) ...
Configurando libfreetype6-dev:amd64 (2.6.1-0.1ubuntu2) ...
Configurando libfontconfig1-dev:amd64 (2.11.94-0ubuntu1.1) ...
Configurando x11proto-render-dev (2:0.11.1-2) ...
Configurando libxrender-dev:amd64 (1:0.9.9-0ubuntu1) ...
Configurando libpixman-1-dev (0.33.6-1) ...
Configurando libxcb-shm0-dev:amd64 (1.11.1-1ubuntu1) ...
Configurando libcairo2-dev (1.14.6-1) ...
Configurando libtbb2:amd64 (4.4~20151115-0ubuntu3) ...
Configurando libopencv-core2.4v5:amd64 (2.4.9.1+dfsg-1.5ubuntu1) ...
Configurando libopencv-core-dev:amd64 (2.4.9.1+dfsg-1.5ubuntu1) ...
Configurando libopencv-imgproc2.4v5:amd64 (2.4.9.1+dfsg-1.5ubuntu1) ...
Configurando libopencv-imgproc-dev:amd64 (2.4.9.1+dfsg-1.5ubuntu1) ...
Configurando libopencv-flann2.4v5:amd64 (2.4.9.1+dfsg-1.5ubuntu1) ...
Configurando libopencv-flann-dev:amd64 (2.4.9.1+dfsg-1.5ubuntu1) ...
Configurando libopencv-features2d2.4v5:amd64 (2.4.9.1+dfsg-1.5ubuntu1) ...
Configurando libopencv-features2d-dev:amd64 (2.4.9.1+dfsg-1.5ubuntu1) ...
Configurando libopencv-calib3d2.4v5:amd64 (2.4.9.1+dfsg-1.5ubuntu1) ...
Configurando libopencv-calib3d-dev:amd64 (2.4.9.1+dfsg-1.5ubuntu1) ...
Configurando libgtkglext1:amd64 (1.2.0-3.2fakesync1ubuntu1) ...
Configurando libopencv-highgui2.4v5:amd64 (2.4.9.1+dfsg-1.5ubuntu1) ...
Configurando libswscale-dev:amd64 (7:2.8.10-0ubuntu0.16.04.1) ...
Configurando libgdk-pixbuf2.0-dev (2.32.2-1ubuntu1.2) ...
Configurando libharfbuzz-gobject0:amd64 (1.0.1-1ubuntu0.1) ...
Configurando libharfbuzz-dev (1.0.1-1ubuntu0.1) ...
Configurando libxft-dev (2.3.2-1) ...
Configurando libpango1.0-dev (1.38.1-1) ...
Configurando x11proto-xinerama-dev (1.2.1-2) ...
Configurando libxinerama-dev:amd64 (2:1.1.3-1) ...
Configurando x11proto-randr-dev (1.5.0-1) ...
Configurando libxrandr-dev:amd64 (2:1.5.0-1) ...
Configurando libxcursor-dev:amd64 (1:1.1.14-1) ...
Configurando x11proto-composite-dev (1:0.4.2-2) ...
Configurando libxcomposite-dev (1:0.4.4-1) ...
Configurando libxml2-utils (2.9.3+dfsg1-1ubuntu0.1) ...
Configurando libgtk2.0-dev (2.24.30-1ubuntu1) ...
Configurando libjasper-dev (1.900.1-debian1-2.4ubuntu1) ...
Configurando libjpeg-turbo8-dev:amd64 (1.4.2-0ubuntu3) ...
Configurando libjpeg8-dev:amd64 (8c-2ubuntu8) ...
Configurando libjpeg-dev:amd64 (8c-2ubuntu8) ...
Configurando libjbig-dev:amd64 (2.1-3.1) ...
Configurando liblzma-dev:amd64 (5.1.1alpha+20120614-2ubuntu2) ...
Configurando libtiffxx5:amd64 (4.0.6-1) ...
Configurando libtiff5-dev:amd64 (4.0.6-1) ...
Configurando libraw1394-dev:amd64 (2.1.1-2) ...
Configurando libdc1394-22-dev:amd64 (2.2.4-1) ...
Configurando libopencv-highgui-dev:amd64 (2.4.9.1+dfsg-1.5ubuntu1) ...
Configurando libopencv-objdetect2.4v5:amd64 (2.4.9.1+dfsg-1.5ubuntu1) ...
Configurando libopencv-objdetect-dev:amd64 (2.4.9.1+dfsg-1.5ubuntu1) ...
Configurando libopencv-video2.4v5:amd64 (2.4.9.1+dfsg-1.5ubuntu1) ...
Configurando libopencv-video-dev:amd64 (2.4.9.1+dfsg-1.5ubuntu1) ...
Configurando libopencv-ml2.4v5:amd64 (2.4.9.1+dfsg-1.5ubuntu1) ...
Configurando libopencv-ml-dev:amd64 (2.4.9.1+dfsg-1.5ubuntu1) ...
Configurando libopencv-legacy2.4v5:amd64 (2.4.9.1+dfsg-1.5ubuntu1) ...
Configurando libopencv-legacy-dev:amd64 (2.4.9.1+dfsg-1.5ubuntu1) ...
Configurando libcv-dev:amd64 (2.4.9.1+dfsg-1.5ubuntu1) ...
Configurando libopencv-contrib2.4v5:amd64 (2.4.9.1+dfsg-1.5ubuntu1) ...
Configurando libopencv-contrib-dev:amd64 (2.4.9.1+dfsg-1.5ubuntu1) ...
Configurando libcvaux-dev:amd64 (2.4.9.1+dfsg-1.5ubuntu1) ...
Configurando libhighgui-dev:amd64 (2.4.9.1+dfsg-1.5ubuntu1) ...
Configurando libsys-hostname-long-perl (1.5-1) ...
Configurando libmail-sendmail-perl (0.79.16-1) ...
Configurando libopencv-ts2.4v5:amd64 (2.4.9.1+dfsg-1.5ubuntu1) ...
Configurando libopencv-ts-dev:amd64 (2.4.9.1+dfsg-1.5ubuntu1) ...
Configurando libopencv-photo2.4v5:amd64 (2.4.9.1+dfsg-1.5ubuntu1) ...
Configurando libopencv-photo-dev:amd64 (2.4.9.1+dfsg-1.5ubuntu1) ...
Configurando libopencv-gpu-dev:amd64 (2.4.9.1+dfsg-1.5ubuntu1) ...
Configurando libopencv-gpu2.4v5:amd64 (2.4.9.1+dfsg-1.5ubuntu1) ...
Configurando libopencv-videostab2.4v5:amd64 (2.4.9.1+dfsg-1.5ubuntu1) ...
Configurando libopencv-videostab-dev:amd64 (2.4.9.1+dfsg-1.5ubuntu1) ...
Configurando libopencv-stitching2.4v5:amd64 (2.4.9.1+dfsg-1.5ubuntu1) ...
Configurando libopencv-stitching-dev:amd64 (2.4.9.1+dfsg-1.5ubuntu1) ...
Configurando libopencv-ocl2.4v5:amd64 (2.4.9.1+dfsg-1.5ubuntu1) ...
Configurando libopencv-superres2.4v5:amd64 (2.4.9.1+dfsg-1.5ubuntu1) ...
Configurando libopencv-superres-dev:amd64 (2.4.9.1+dfsg-1.5ubuntu1) ...
Configurando libopencv-ocl-dev:amd64 (2.4.9.1+dfsg-1.5ubuntu1) ...
Configurando libopencv2.4-jni (2.4.9.1+dfsg-1.5ubuntu1) ...
Configurando libopencv2.4-java (2.4.9.1+dfsg-1.5ubuntu1) ...
Configurando libopencv-dev (2.4.9.1+dfsg-1.5ubuntu1) ...
Configurando libraw1394-tools (2.1.1-2) ...
Configurando opencv-data (2.4.9.1+dfsg-1.5ubuntu1) ...
Configurando dh-strip-nondeterminism (0.015-1) ...
Configurando debhelper (9.20160115ubuntu3) ...
Procesando disparadores para libc-bin (2.23-0ubuntu3) ...
pablo@pablo-X450LN:~/ComputacionGrafica$ ls
Data  lesson6  lesson6.c  makefile  README
pablo@pablo-X450LN:~/ComputacionGrafica$ make
gcc -Wall -I/usr/include/   -c -o lesson6.o lesson6.c
lesson6.c:18:20: fatal error: iostream: No existe el archivo o el directorio
compilation terminated.
<integrado>: fallo en las instrucciones para el objetivo 'lesson6.o'
make: *** [lesson6.o] Error 1
pablo@pablo-X450LN:~/ComputacionGrafica$ make
g++ -Wall -I/usr/include/   -c -o lesson6.o lesson6.c
lesson6.c: In function ‘void LoadGLTextures()’:
lesson6.c:138:51: warning: deprecated conversion from string constant to ‘char*’ [-Wwrite-strings]
     if (!ImageLoad("Data/lesson6/NeHe.bmp", image1)) {
                                                   ^
lesson6.c:143:33: error: invalid conversion from ‘int*’ to ‘GLuint* {aka unsigned int*}’ [-fpermissive]
     glGenTextures(1, &texture[0]);
                                 ^
In file included from /usr/include/GL/freeglut_std.h:128:0,
                 from /usr/include/GL/glut.h:17,
                 from lesson6.c:9:
/usr/include/GL/gl.h:1307:23: note:   initializing argument 2 of ‘void glGenTextures(GLsizei, GLuint*)’
 GLAPI void GLAPIENTRY glGenTextures( GLsizei n, GLuint *textures );
                       ^
<integrado>: fallo en las instrucciones para el objetivo 'lesson6.o'
make: *** [lesson6.o] Error 1
pablo@pablo-X450LN:~/ComputacionGrafica$ make
g++ -Wall -fpermissive -I/usr/include/   -c -o lesson6.o lesson6.c
lesson6.c: In function ‘void LoadGLTextures()’:
lesson6.c:138:51: warning: deprecated conversion from string constant to ‘char*’ [-Wwrite-strings]
     if (!ImageLoad("Data/lesson6/NeHe.bmp", image1)) {
                                                   ^
lesson6.c:143:33: warning: invalid conversion from ‘int*’ to ‘GLuint* {aka unsigned int*}’ [-fpermissive]
     glGenTextures(1, &texture[0]);
                                 ^
In file included from /usr/include/GL/freeglut_std.h:128:0,
                 from /usr/include/GL/glut.h:17,
                 from lesson6.c:9:
/usr/include/GL/gl.h:1307:23: note:   initializing argument 2 of ‘void glGenTextures(GLsizei, GLuint*)’
 GLAPI void GLAPIENTRY glGenTextures( GLsizei n, GLuint *textures );
                       ^
g++ -Wall -fpermissive -I/usr/include/ -o lesson6 -L/usr/X11R6/lib  lesson6.o -lX11 -lXi -lXmu -lglut -lGL -lGLU -lm   
lesson6.o: En la función `main':
lesson6.c:(.text+0xbfd): referencia a `cv::imread(std::__cxx11::basic_string<char, std::char_traits<char>, std::allocator<char> > const&, int)' sin definir
lesson6.c:(.text+0xcad): referencia a `cv::namedWindow(std::__cxx11::basic_string<char, std::char_traits<char>, std::allocator<char> > const&, int)' sin definir
lesson6.c:(.text+0xce4): referencia a `cv::_InputArray::_InputArray(cv::Mat const&)' sin definir
lesson6.c:(.text+0xd27): referencia a `cv::imshow(std::__cxx11::basic_string<char, std::char_traits<char>, std::allocator<char> > const&, cv::_InputArray const&)' sin definir
lesson6.c:(.text+0xd4f): referencia a `cv::waitKey(int)' sin definir
lesson6.o: En la función `cv::Mat::~Mat()':
lesson6.c:(.text._ZN2cv3MatD2Ev[_ZN2cv3MatD5Ev]+0x39): referencia a `cv::fastFree(void*)' sin definir
lesson6.o: En la función `cv::Mat::operator=(cv::Mat const&)':
lesson6.c:(.text._ZN2cv3MataSERKS0_[_ZN2cv3MataSERKS0_]+0x111): referencia a `cv::Mat::copySize(cv::Mat const&)' sin definir
lesson6.o: En la función `cv::Mat::release()':
lesson6.c:(.text._ZN2cv3Mat7releaseEv[_ZN2cv3Mat7releaseEv]+0x47): referencia a `cv::Mat::deallocate()' sin definir
collect2: error: ld returned 1 exit status
makefile:37: fallo en las instrucciones para el objetivo 'lesson6'
make: *** [lesson6] Error 1
rm lesson6.o
pablo@pablo-X450LN:~/ComputacionGrafica$ make
g++ -Wall -fpermissive -I/usr/include/   -c -o lesson6.o lesson6.c
lesson6.c: In function ‘void LoadGLTextures()’:
lesson6.c:138:51: warning: deprecated conversion from string constant to ‘char*’ [-Wwrite-strings]
     if (!ImageLoad("Data/lesson6/NeHe.bmp", image1)) {
                                                   ^
lesson6.c:143:33: warning: invalid conversion from ‘int*’ to ‘GLuint* {aka unsigned int*}’ [-fpermissive]
     glGenTextures(1, &texture[0]);
                                 ^
In file included from /usr/include/GL/freeglut_std.h:128:0,
                 from /usr/include/GL/glut.h:17,
                 from lesson6.c:9:
/usr/include/GL/gl.h:1307:23: note:   initializing argument 2 of ‘void glGenTextures(GLsizei, GLuint*)’
 GLAPI void GLAPIENTRY glGenTextures( GLsizei n, GLuint *textures );
                       ^
g++ -Wall -fpermissive -I/usr/include/ -o lesson6 -L/usr/X11R6/lib  lesson6.o -lX11 -lXi -lXmu -lglut -lGL -lGLU -lm -lopencv  
/usr/bin/ld: no se puede encontrar -lopencv
collect2: error: ld returned 1 exit status
makefile:37: fallo en las instrucciones para el objetivo 'lesson6'
make: *** [lesson6] Error 1
rm lesson6.o
pablo@pablo-X450LN:~/ComputacionGrafica$ pkg-config --libs --cflags opencv
-I/usr/include/opencv /usr/lib/x86_64-linux-gnu/libopencv_calib3d.so -lopencv_calib3d /usr/lib/x86_64-linux-gnu/libopencv_contrib.so -lopencv_contrib /usr/lib/x86_64-linux-gnu/libopencv_core.so -lopencv_core /usr/lib/x86_64-linux-gnu/libopencv_features2d.so -lopencv_features2d /usr/lib/x86_64-linux-gnu/libopencv_flann.so -lopencv_flann /usr/lib/x86_64-linux-gnu/libopencv_gpu.so -lopencv_gpu /usr/lib/x86_64-linux-gnu/libopencv_highgui.so -lopencv_highgui /usr/lib/x86_64-linux-gnu/libopencv_imgproc.so -lopencv_imgproc /usr/lib/x86_64-linux-gnu/libopencv_legacy.so -lopencv_legacy /usr/lib/x86_64-linux-gnu/libopencv_ml.so -lopencv_ml /usr/lib/x86_64-linux-gnu/libopencv_objdetect.so -lopencv_objdetect /usr/lib/x86_64-linux-gnu/libopencv_ocl.so -lopencv_ocl /usr/lib/x86_64-linux-gnu/libopencv_photo.so -lopencv_photo /usr/lib/x86_64-linux-gnu/libopencv_stitching.so -lopencv_stitching /usr/lib/x86_64-linux-gnu/libopencv_superres.so -lopencv_superres /usr/lib/x86_64-linux-gnu/libopencv_ts.so -lopencv_ts /usr/lib/x86_64-linux-gnu/libopencv_video.so -lopencv_video /usr/lib/x86_64-linux-gnu/libopencv_videostab.so -lopencv_videostab
pablo@pablo-X450LN:~/ComputacionGrafica$ pkg-config --cflags opencv
-I/usr/include/opencv
pablo@pablo-X450LN:~/ComputacionGrafica$ pkg-config --libs opencv
/usr/lib/x86_64-linux-gnu/libopencv_calib3d.so -lopencv_calib3d /usr/lib/x86_64-linux-gnu/libopencv_contrib.so -lopencv_contrib /usr/lib/x86_64-linux-gnu/libopencv_core.so -lopencv_core /usr/lib/x86_64-linux-gnu/libopencv_features2d.so -lopencv_features2d /usr/lib/x86_64-linux-gnu/libopencv_flann.so -lopencv_flann /usr/lib/x86_64-linux-gnu/libopencv_gpu.so -lopencv_gpu /usr/lib/x86_64-linux-gnu/libopencv_highgui.so -lopencv_highgui /usr/lib/x86_64-linux-gnu/libopencv_imgproc.so -lopencv_imgproc /usr/lib/x86_64-linux-gnu/libopencv_legacy.so -lopencv_legacy /usr/lib/x86_64-linux-gnu/libopencv_ml.so -lopencv_ml /usr/lib/x86_64-linux-gnu/libopencv_objdetect.so -lopencv_objdetect /usr/lib/x86_64-linux-gnu/libopencv_ocl.so -lopencv_ocl /usr/lib/x86_64-linux-gnu/libopencv_photo.so -lopencv_photo /usr/lib/x86_64-linux-gnu/libopencv_stitching.so -lopencv_stitching /usr/lib/x86_64-linux-gnu/libopencv_superres.so -lopencv_superres /usr/lib/x86_64-linux-gnu/libopencv_ts.so -lopencv_ts /usr/lib/x86_64-linux-gnu/libopencv_video.so -lopencv_video /usr/lib/x86_64-linux-gnu/libopencv_videostab.so -lopencv_videostab
pablo@pablo-X450LN:~/ComputacionGrafica$ make
g++ -Wall -fpermissive -I/usr/include/ -I/usr/include/opencv   -c -o lesson6.o lesson6.c
lesson6.c: In function ‘void LoadGLTextures()’:
lesson6.c:138:51: warning: deprecated conversion from string constant to ‘char*’ [-Wwrite-strings]
     if (!ImageLoad("Data/lesson6/NeHe.bmp", image1)) {
                                                   ^
lesson6.c:143:33: warning: invalid conversion from ‘int*’ to ‘GLuint* {aka unsigned int*}’ [-fpermissive]
     glGenTextures(1, &texture[0]);
                                 ^
In file included from /usr/include/GL/freeglut_std.h:128:0,
                 from /usr/include/GL/glut.h:17,
                 from lesson6.c:9:
/usr/include/GL/gl.h:1307:23: note:   initializing argument 2 of ‘void glGenTextures(GLsizei, GLuint*)’
 GLAPI void GLAPIENTRY glGenTextures( GLsizei n, GLuint *textures );
                       ^
g++ -Wall -fpermissive -I/usr/include/ -I/usr/include/opencv -o lesson6 -L/usr/X11R6/lib  lesson6.o -lX11 -lXi -lXmu -lglut -lGL -lGLU -lm /usr/lib/x86_64-linux-gnu/libopencv_calib3d.so -lopencv_calib3d /usr/lib/x86_64-linux-gnu/libopencv_contrib.so -lopencv_contrib /usr/lib/x86_64-linux-gnu/libopencv_core.so -lopencv_core /usr/lib/x86_64-linux-gnu/libopencv_features2d.so -lopencv_features2d /usr/lib/x86_64-linux-gnu/libopencv_flann.so -lopencv_flann /usr/lib/x86_64-linux-gnu/libopencv_gpu.so -lopencv_gpu /usr/lib/x86_64-linux-gnu/libopencv_highgui.so -lopencv_highgui /usr/lib/x86_64-linux-gnu/libopencv_imgproc.so -lopencv_imgproc /usr/lib/x86_64-linux-gnu/libopencv_legacy.so -lopencv_legacy /usr/lib/x86_64-linux-gnu/libopencv_ml.so -lopencv_ml /usr/lib/x86_64-linux-gnu/libopencv_objdetect.so -lopencv_objdetect /usr/lib/x86_64-linux-gnu/libopencv_ocl.so -lopencv_ocl /usr/lib/x86_64-linux-gnu/libopencv_photo.so -lopencv_photo /usr/lib/x86_64-linux-gnu/libopencv_stitching.so -lopencv_stitching /usr/lib/x86_64-linux-gnu/libopencv_superres.so -lopencv_superres /usr/lib/x86_64-linux-gnu/libopencv_ts.so -lopencv_ts /usr/lib/x86_64-linux-gnu/libopencv_video.so -lopencv_video /usr/lib/x86_64-linux-gnu/libopencv_videostab.so -lopencv_videostab  
rm lesson6.o
pablo@pablo-X450LN:~/ComputacionGrafica$ ls
Data  lesson6  lesson6.c  makefile  NeHe.png  README
pablo@pablo-X450LN:~/ComputacionGrafica$ ./lesson6
Could not open or find the image
pablo@pablo-X450LN:~/ComputacionGrafica$ ls
Data  lesson6  lesson6.c  makefile  NeHe.png  README
pablo@pablo-X450LN:~/ComputacionGrafica$ ./lesson6
Width of Data/lesson6/NeHe.bmp: 256
Height of Data/lesson6/NeHe.bmp: 256
pablo@pablo-X450LN:~/ComputacionGrafica$ ./lesson6
Width of Data/lesson6/NeHe.bmp: 256
Height of Data/lesson6/NeHe.bmp: 256
pablo@pablo-X450LN:~/ComputacionGrafica$ make
g++ -Wall -fpermissive -I/usr/include/ -I/usr/include/opencv   -c -o lesson6.o lesson6.c
lesson6.c: In function ‘void LoadGLTextures()’:
lesson6.c:150:17: warning: return-statement with a value, in function returning 'void' [-fpermissive]
         return -1;
                 ^
lesson6.c:161:33: warning: invalid conversion from ‘int*’ to ‘GLuint* {aka unsigned int*}’ [-fpermissive]
     glGenTextures(1, &texture[0]);
                                 ^
In file included from /usr/include/GL/freeglut_std.h:128:0,
                 from /usr/include/GL/glut.h:17,
                 from lesson6.c:9:
/usr/include/GL/gl.h:1307:23: note:   initializing argument 2 of ‘void glGenTextures(GLsizei, GLuint*)’
 GLAPI void GLAPIENTRY glGenTextures( GLsizei n, GLuint *textures );
                       ^
lesson6.c: At global scope:
lesson6.c:183:1: error: expected declaration before ‘}’ token
 };
 ^
<integrado>: fallo en las instrucciones para el objetivo 'lesson6.o'
make: *** [lesson6.o] Error 1
pablo@pablo-X450LN:~/ComputacionGrafica$ make
g++ -Wall -fpermissive -I/usr/include/ -I/usr/include/opencv   -c -o lesson6.o lesson6.c
lesson6.c: In function ‘void LoadGLTextures()’:
lesson6.c:150:17: warning: return-statement with a value, in function returning 'void' [-fpermissive]
         return -1;
                 ^
lesson6.c:161:33: warning: invalid conversion from ‘int*’ to ‘GLuint* {aka unsigned int*}’ [-fpermissive]
     glGenTextures(1, &texture[0]);
                                 ^
In file included from /usr/include/GL/freeglut_std.h:128:0,
                 from /usr/include/GL/glut.h:17,
                 from lesson6.c:9:
/usr/include/GL/gl.h:1307:23: note:   initializing argument 2 of ‘void glGenTextures(GLsizei, GLuint*)’
 GLAPI void GLAPIENTRY glGenTextures( GLsizei n, GLuint *textures );
                       ^
g++ -Wall -fpermissive -I/usr/include/ -I/usr/include/opencv -o lesson6 -L/usr/X11R6/lib  lesson6.o -lX11 -lXi -lXmu -lglut -lGL -lGLU -lm /usr/lib/x86_64-linux-gnu/libopencv_calib3d.so -lopencv_calib3d /usr/lib/x86_64-linux-gnu/libopencv_contrib.so -lopencv_contrib /usr/lib/x86_64-linux-gnu/libopencv_core.so -lopencv_core /usr/lib/x86_64-linux-gnu/libopencv_features2d.so -lopencv_features2d /usr/lib/x86_64-linux-gnu/libopencv_flann.so -lopencv_flann /usr/lib/x86_64-linux-gnu/libopencv_gpu.so -lopencv_gpu /usr/lib/x86_64-linux-gnu/libopencv_highgui.so -lopencv_highgui /usr/lib/x86_64-linux-gnu/libopencv_imgproc.so -lopencv_imgproc /usr/lib/x86_64-linux-gnu/libopencv_legacy.so -lopencv_legacy /usr/lib/x86_64-linux-gnu/libopencv_ml.so -lopencv_ml /usr/lib/x86_64-linux-gnu/libopencv_objdetect.so -lopencv_objdetect /usr/lib/x86_64-linux-gnu/libopencv_ocl.so -lopencv_ocl /usr/lib/x86_64-linux-gnu/libopencv_photo.so -lopencv_photo /usr/lib/x86_64-linux-gnu/libopencv_stitching.so -lopencv_stitching /usr/lib/x86_64-linux-gnu/libopencv_superres.so -lopencv_superres /usr/lib/x86_64-linux-gnu/libopencv_ts.so -lopencv_ts /usr/lib/x86_64-linux-gnu/libopencv_video.so -lopencv_video /usr/lib/x86_64-linux-gnu/libopencv_videostab.so -lopencv_videostab  
rm lesson6.o
pablo@pablo-X450LN:~/ComputacionGrafica$ ./lesson6
pablo@pablo-X450LN:~/ComputacionGrafica$ make
g++ -Wall -fpermissive -I/usr/include/ -I/usr/include/opencv   -c -o lesson6.o lesson6.c
lesson6.c: In function ‘void LoadGLTextures()’:
lesson6.c:150:17: warning: return-statement with a value, in function returning 'void' [-fpermissive]
         return -1;
                 ^
lesson6.c:161:33: warning: invalid conversion from ‘int*’ to ‘GLuint* {aka unsigned int*}’ [-fpermissive]
     glGenTextures(1, &texture[0]);
                                 ^
In file included from /usr/include/GL/freeglut_std.h:128:0,
                 from /usr/include/GL/glut.h:17,
                 from lesson6.c:9:
/usr/include/GL/gl.h:1307:23: note:   initializing argument 2 of ‘void glGenTextures(GLsizei, GLuint*)’
 GLAPI void GLAPIENTRY glGenTextures( GLsizei n, GLuint *textures );
                       ^
g++ -Wall -fpermissive -I/usr/include/ -I/usr/include/opencv -o lesson6 -L/usr/X11R6/lib  lesson6.o -lX11 -lXi -lXmu -lglut -lGL -lGLU -lm /usr/lib/x86_64-linux-gnu/libopencv_calib3d.so -lopencv_calib3d /usr/lib/x86_64-linux-gnu/libopencv_contrib.so -lopencv_contrib /usr/lib/x86_64-linux-gnu/libopencv_core.so -lopencv_core /usr/lib/x86_64-linux-gnu/libopencv_features2d.so -lopencv_features2d /usr/lib/x86_64-linux-gnu/libopencv_flann.so -lopencv_flann /usr/lib/x86_64-linux-gnu/libopencv_gpu.so -lopencv_gpu /usr/lib/x86_64-linux-gnu/libopencv_highgui.so -lopencv_highgui /usr/lib/x86_64-linux-gnu/libopencv_imgproc.so -lopencv_imgproc /usr/lib/x86_64-linux-gnu/libopencv_legacy.so -lopencv_legacy /usr/lib/x86_64-linux-gnu/libopencv_ml.so -lopencv_ml /usr/lib/x86_64-linux-gnu/libopencv_objdetect.so -lopencv_objdetect /usr/lib/x86_64-linux-gnu/libopencv_ocl.so -lopencv_ocl /usr/lib/x86_64-linux-gnu/libopencv_photo.so -lopencv_photo /usr/lib/x86_64-linux-gnu/libopencv_stitching.so -lopencv_stitching /usr/lib/x86_64-linux-gnu/libopencv_superres.so -lopencv_superres /usr/lib/x86_64-linux-gnu/libopencv_ts.so -lopencv_ts /usr/lib/x86_64-linux-gnu/libopencv_video.so -lopencv_video /usr/lib/x86_64-linux-gnu/libopencv_videostab.so -lopencv_videostab  
rm lesson6.o
pablo@pablo-X450LN:~/ComputacionGrafica$ ./lesson6
pablo@pablo-X450LN:~/ComputacionGrafica$ make
g++ -Wall -fpermissive -I/usr/include/ -I/usr/include/opencv   -c -o lesson6.o lesson6.c
lesson6.c: In function ‘void LoadGLTextures()’:
lesson6.c:150:17: warning: return-statement with a value, in function returning 'void' [-fpermissive]
         return -1;
                 ^
lesson6.c:161:33: warning: invalid conversion from ‘int*’ to ‘GLuint* {aka unsigned int*}’ [-fpermissive]
     glGenTextures(1, &texture[0]);
                                 ^
In file included from /usr/include/GL/freeglut_std.h:128:0,
                 from /usr/include/GL/glut.h:17,
                 from lesson6.c:9:
/usr/include/GL/gl.h:1307:23: note:   initializing argument 2 of ‘void glGenTextures(GLsizei, GLuint*)’
 GLAPI void GLAPIENTRY glGenTextures( GLsizei n, GLuint *textures );
                       ^
g++ -Wall -fpermissive -I/usr/include/ -I/usr/include/opencv -o lesson6 -L/usr/X11R6/lib  lesson6.o -lX11 -lXi -lXmu -lglut -lGL -lGLU -lm /usr/lib/x86_64-linux-gnu/libopencv_calib3d.so -lopencv_calib3d /usr/lib/x86_64-linux-gnu/libopencv_contrib.so -lopencv_contrib /usr/lib/x86_64-linux-gnu/libopencv_core.so -lopencv_core /usr/lib/x86_64-linux-gnu/libopencv_features2d.so -lopencv_features2d /usr/lib/x86_64-linux-gnu/libopencv_flann.so -lopencv_flann /usr/lib/x86_64-linux-gnu/libopencv_gpu.so -lopencv_gpu /usr/lib/x86_64-linux-gnu/libopencv_highgui.so -lopencv_highgui /usr/lib/x86_64-linux-gnu/libopencv_imgproc.so -lopencv_imgproc /usr/lib/x86_64-linux-gnu/libopencv_legacy.so -lopencv_legacy /usr/lib/x86_64-linux-gnu/libopencv_ml.so -lopencv_ml /usr/lib/x86_64-linux-gnu/libopencv_objdetect.so -lopencv_objdetect /usr/lib/x86_64-linux-gnu/libopencv_ocl.so -lopencv_ocl /usr/lib/x86_64-linux-gnu/libopencv_photo.so -lopencv_photo /usr/lib/x86_64-linux-gnu/libopencv_stitching.so -lopencv_stitching /usr/lib/x86_64-linux-gnu/libopencv_superres.so -lopencv_superres /usr/lib/x86_64-linux-gnu/libopencv_ts.so -lopencv_ts /usr/lib/x86_64-linux-gnu/libopencv_video.so -lopencv_video /usr/lib/x86_64-linux-gnu/libopencv_videostab.so -lopencv_videostab  
rm lesson6.o
pablo@pablo-X450LN:~/ComputacionGrafica$ ./lesson6
pablo@pablo-X450LN:~/ComputacionGrafica$ make
g++ -Wall -fpermissive -I/usr/include/ -I/usr/include/opencv   -c -o lesson6.o lesson6.c
lesson6.c: In function ‘void LoadGLTextures()’:
lesson6.c:150:17: warning: return-statement with a value, in function returning 'void' [-fpermissive]
         return -1;
                 ^
lesson6.c:161:33: warning: invalid conversion from ‘int*’ to ‘GLuint* {aka unsigned int*}’ [-fpermissive]
     glGenTextures(1, &texture[0]);
                                 ^
In file included from /usr/include/GL/freeglut_std.h:128:0,
                 from /usr/include/GL/glut.h:17,
                 from lesson6.c:9:
/usr/include/GL/gl.h:1307:23: note:   initializing argument 2 of ‘void glGenTextures(GLsizei, GLuint*)’
 GLAPI void GLAPIENTRY glGenTextures( GLsizei n, GLuint *textures );
                       ^
g++ -Wall -fpermissive -I/usr/include/ -I/usr/include/opencv -o lesson6 -L/usr/X11R6/lib  lesson6.o -lX11 -lXi -lXmu -lglut -lGL -lGLU -lm /usr/lib/x86_64-linux-gnu/libopencv_calib3d.so -lopencv_calib3d /usr/lib/x86_64-linux-gnu/libopencv_contrib.so -lopencv_contrib /usr/lib/x86_64-linux-gnu/libopencv_core.so -lopencv_core /usr/lib/x86_64-linux-gnu/libopencv_features2d.so -lopencv_features2d /usr/lib/x86_64-linux-gnu/libopencv_flann.so -lopencv_flann /usr/lib/x86_64-linux-gnu/libopencv_gpu.so -lopencv_gpu /usr/lib/x86_64-linux-gnu/libopencv_highgui.so -lopencv_highgui /usr/lib/x86_64-linux-gnu/libopencv_imgproc.so -lopencv_imgproc /usr/lib/x86_64-linux-gnu/libopencv_legacy.so -lopencv_legacy /usr/lib/x86_64-linux-gnu/libopencv_ml.so -lopencv_ml /usr/lib/x86_64-linux-gnu/libopencv_objdetect.so -lopencv_objdetect /usr/lib/x86_64-linux-gnu/libopencv_ocl.so -lopencv_ocl /usr/lib/x86_64-linux-gnu/libopencv_photo.so -lopencv_photo /usr/lib/x86_64-linux-gnu/libopencv_stitching.so -lopencv_stitching /usr/lib/x86_64-linux-gnu/libopencv_superres.so -lopencv_superres /usr/lib/x86_64-linux-gnu/libopencv_ts.so -lopencv_ts /usr/lib/x86_64-linux-gnu/libopencv_video.so -lopencv_video /usr/lib/x86_64-linux-gnu/libopencv_videostab.so -lopencv_videostab  
rm lesson6.o
pablo@pablo-X450LN:~/ComputacionGrafica$ ./lesson6
pablo@pablo-X450LN:~/ComputacionGrafica$ make
g++ -Wall -fpermissive -I/usr/include/ -I/usr/include/opencv   -c -o lesson6.o lesson6.c
lesson6.c: In function ‘void LoadGLTextures()’:
lesson6.c:155:17: warning: return-statement with a value, in function returning 'void' [-fpermissive]
         return -1;
                 ^
lesson6.c:166:33: warning: invalid conversion from ‘int*’ to ‘GLuint* {aka unsigned int*}’ [-fpermissive]
     glGenTextures(1, &texture[0]);
                                 ^
In file included from /usr/include/GL/freeglut_std.h:128:0,
                 from /usr/include/GL/glut.h:17,
                 from lesson6.c:9:
/usr/include/GL/gl.h:1307:23: note:   initializing argument 2 of ‘void glGenTextures(GLsizei, GLuint*)’
 GLAPI void GLAPIENTRY glGenTextures( GLsizei n, GLuint *textures );
                       ^
g++ -Wall -fpermissive -I/usr/include/ -I/usr/include/opencv -o lesson6 -L/usr/X11R6/lib  lesson6.o -lX11 -lXi -lXmu -lglut -lGL -lGLU -lm /usr/lib/x86_64-linux-gnu/libopencv_calib3d.so -lopencv_calib3d /usr/lib/x86_64-linux-gnu/libopencv_contrib.so -lopencv_contrib /usr/lib/x86_64-linux-gnu/libopencv_core.so -lopencv_core /usr/lib/x86_64-linux-gnu/libopencv_features2d.so -lopencv_features2d /usr/lib/x86_64-linux-gnu/libopencv_flann.so -lopencv_flann /usr/lib/x86_64-linux-gnu/libopencv_gpu.so -lopencv_gpu /usr/lib/x86_64-linux-gnu/libopencv_highgui.so -lopencv_highgui /usr/lib/x86_64-linux-gnu/libopencv_imgproc.so -lopencv_imgproc /usr/lib/x86_64-linux-gnu/libopencv_legacy.so -lopencv_legacy /usr/lib/x86_64-linux-gnu/libopencv_ml.so -lopencv_ml /usr/lib/x86_64-linux-gnu/libopencv_objdetect.so -lopencv_objdetect /usr/lib/x86_64-linux-gnu/libopencv_ocl.so -lopencv_ocl /usr/lib/x86_64-linux-gnu/libopencv_photo.so -lopencv_photo /usr/lib/x86_64-linux-gnu/libopencv_stitching.so -lopencv_stitching /usr/lib/x86_64-linux-gnu/libopencv_superres.so -lopencv_superres /usr/lib/x86_64-linux-gnu/libopencv_ts.so -lopencv_ts /usr/lib/x86_64-linux-gnu/libopencv_video.so -lopencv_video /usr/lib/x86_64-linux-gnu/libopencv_videostab.so -lopencv_videostab  
rm lesson6.o
pablo@pablo-X450LN:~/ComputacionGrafica$ make
g++ -Wall -fpermissive -I/usr/include/ -I/usr/include/opencv   -c -o lesson6.o lesson6.c
lesson6.c: In function ‘void LoadGLTextures()’:
lesson6.c:157:17: warning: return-statement with a value, in function returning 'void' [-fpermissive]
         return -1;
                 ^
lesson6.c:168:33: warning: invalid conversion from ‘int*’ to ‘GLuint* {aka unsigned int*}’ [-fpermissive]
     glGenTextures(1, &texture[0]);
                                 ^
In file included from /usr/include/GL/freeglut_std.h:128:0,
                 from /usr/include/GL/glut.h:17,
                 from lesson6.c:9:
/usr/include/GL/gl.h:1307:23: note:   initializing argument 2 of ‘void glGenTextures(GLsizei, GLuint*)’
 GLAPI void GLAPIENTRY glGenTextures( GLsizei n, GLuint *textures );
                       ^
g++ -Wall -fpermissive -I/usr/include/ -I/usr/include/opencv -o lesson6 -L/usr/X11R6/lib  lesson6.o -lX11 -lXi -lXmu -lglut -lGL -lGLU -lm /usr/lib/x86_64-linux-gnu/libopencv_calib3d.so -lopencv_calib3d /usr/lib/x86_64-linux-gnu/libopencv_contrib.so -lopencv_contrib /usr/lib/x86_64-linux-gnu/libopencv_core.so -lopencv_core /usr/lib/x86_64-linux-gnu/libopencv_features2d.so -lopencv_features2d /usr/lib/x86_64-linux-gnu/libopencv_flann.so -lopencv_flann /usr/lib/x86_64-linux-gnu/libopencv_gpu.so -lopencv_gpu /usr/lib/x86_64-linux-gnu/libopencv_highgui.so -lopencv_highgui /usr/lib/x86_64-linux-gnu/libopencv_imgproc.so -lopencv_imgproc /usr/lib/x86_64-linux-gnu/libopencv_legacy.so -lopencv_legacy /usr/lib/x86_64-linux-gnu/libopencv_ml.so -lopencv_ml /usr/lib/x86_64-linux-gnu/libopencv_objdetect.so -lopencv_objdetect /usr/lib/x86_64-linux-gnu/libopencv_ocl.so -lopencv_ocl /usr/lib/x86_64-linux-gnu/libopencv_photo.so -lopencv_photo /usr/lib/x86_64-linux-gnu/libopencv_stitching.so -lopencv_stitching /usr/lib/x86_64-linux-gnu/libopencv_superres.so -lopencv_superres /usr/lib/x86_64-linux-gnu/libopencv_ts.so -lopencv_ts /usr/lib/x86_64-linux-gnu/libopencv_video.so -lopencv_video /usr/lib/x86_64-linux-gnu/libopencv_videostab.so -lopencv_videostab  
rm lesson6.o
pablo@pablo-X450LN:~/ComputacionGrafica$ ./lesson6
pablo@pablo-X450LN:~/ComputacionGrafica$ cd
pablo@pablo-X450LN:~$ ls -a
.              .cache                     Escritorio        .java        .profile
..             .compiz                    examples.desktop  .local       Público
.adobe         ComputacionGrafica         .gconf            .macromedia  sketchbook
.arduino       ComputacionGrafica.tar.gz  .gnome            .mozilla     .sudo_as_admin_successful
ardupilot      .config                    .gnupg            Música       Vídeos
.bash_history  Descargas                  holamundo         newproject   .Xauthority
.bash_logout   .dmrc                      .ICEauthority     .pki         .xsession-errors
.bashrc        Documentos                 Imágenes          Plantillas   .xsession-errors.old
pablo@pablo-X450LN:~$ gedit .bash_history

